Component: ARM Compiler 5.06 update 5 (build 528) Tool: armlink [4d35e2]

==============================================================================

Section Cross References

    stm32f10x_adc.o(i.ADC_DeInit) refers to stm32f10x_rcc.o(i.RCC_APB2PeriphResetCmd) for RCC_APB2PeriphResetCmd
    stm32f10x_bkp.o(i.BKP_DeInit) refers to stm32f10x_rcc.o(i.RCC_BackupResetCmd) for RCC_BackupResetCmd
    stm32f10x_can.o(i.CAN_DeInit) refers to stm32f10x_rcc.o(i.RCC_APB1PeriphResetCmd) for RCC_APB1PeriphResetCmd
    stm32f10x_can.o(i.CAN_GetITStatus) refers to stm32f10x_can.o(i.CheckITStatus) for CheckITStatus
    stm32f10x_cec.o(i.CEC_DeInit) refers to stm32f10x_rcc.o(i.RCC_APB1PeriphResetCmd) for RCC_APB1PeriphResetCmd
    stm32f10x_dac.o(i.DAC_DeInit) refers to stm32f10x_rcc.o(i.RCC_APB1PeriphResetCmd) for RCC_APB1PeriphResetCmd
    stm32f10x_flash.o(i.FLASH_EnableWriteProtection) refers to stm32f10x_flash.o(i.FLASH_WaitForLastOperation) for FLASH_WaitForLastOperation
    stm32f10x_flash.o(i.FLASH_EraseAllBank1Pages) refers to stm32f10x_flash.o(i.FLASH_WaitForLastBank1Operation) for FLASH_WaitForLastBank1Operation
    stm32f10x_flash.o(i.FLASH_EraseAllPages) refers to stm32f10x_flash.o(i.FLASH_WaitForLastOperation) for FLASH_WaitForLastOperation
    stm32f10x_flash.o(i.FLASH_EraseOptionBytes) refers to stm32f10x_flash.o(i.FLASH_GetReadOutProtectionStatus) for FLASH_GetReadOutProtectionStatus
    stm32f10x_flash.o(i.FLASH_EraseOptionBytes) refers to stm32f10x_flash.o(i.FLASH_WaitForLastOperation) for FLASH_WaitForLastOperation
    stm32f10x_flash.o(i.FLASH_ErasePage) refers to stm32f10x_flash.o(i.FLASH_WaitForLastOperation) for FLASH_WaitForLastOperation
    stm32f10x_flash.o(i.FLASH_ProgramHalfWord) refers to stm32f10x_flash.o(i.FLASH_WaitForLastOperation) for FLASH_WaitForLastOperation
    stm32f10x_flash.o(i.FLASH_ProgramOptionByteData) refers to stm32f10x_flash.o(i.FLASH_WaitForLastOperation) for FLASH_WaitForLastOperation
    stm32f10x_flash.o(i.FLASH_ProgramWord) refers to stm32f10x_flash.o(i.FLASH_WaitForLastOperation) for FLASH_WaitForLastOperation
    stm32f10x_flash.o(i.FLASH_ReadOutProtection) refers to stm32f10x_flash.o(i.FLASH_WaitForLastOperation) for FLASH_WaitForLastOperation
    stm32f10x_flash.o(i.FLASH_UserOptionByteConfig) refers to stm32f10x_flash.o(i.FLASH_WaitForLastOperation) for FLASH_WaitForLastOperation
    stm32f10x_flash.o(i.FLASH_WaitForLastBank1Operation) refers to stm32f10x_flash.o(i.FLASH_GetBank1Status) for FLASH_GetBank1Status
    stm32f10x_flash.o(i.FLASH_WaitForLastOperation) refers to stm32f10x_flash.o(i.FLASH_GetBank1Status) for FLASH_GetBank1Status
    stm32f10x_gpio.o(i.GPIO_AFIODeInit) refers to stm32f10x_rcc.o(i.RCC_APB2PeriphResetCmd) for RCC_APB2PeriphResetCmd
    stm32f10x_gpio.o(i.GPIO_DeInit) refers to stm32f10x_rcc.o(i.RCC_APB2PeriphResetCmd) for RCC_APB2PeriphResetCmd
    stm32f10x_i2c.o(i.I2C_DeInit) refers to stm32f10x_rcc.o(i.RCC_APB1PeriphResetCmd) for RCC_APB1PeriphResetCmd
    stm32f10x_i2c.o(i.I2C_Init) refers to stm32f10x_rcc.o(i.RCC_GetClocksFreq) for RCC_GetClocksFreq
    stm32f10x_pwr.o(i.PWR_DeInit) refers to stm32f10x_rcc.o(i.RCC_APB1PeriphResetCmd) for RCC_APB1PeriphResetCmd
    stm32f10x_rcc.o(i.RCC_GetClocksFreq) refers to stm32f10x_rcc.o(.data) for APBAHBPrescTable
    stm32f10x_rcc.o(i.RCC_WaitForHSEStartUp) refers to stm32f10x_rcc.o(i.RCC_GetFlagStatus) for RCC_GetFlagStatus
    stm32f10x_rtc.o(i.RTC_SetAlarm) refers to stm32f10x_rtc.o(i.RTC_EnterConfigMode) for RTC_EnterConfigMode
    stm32f10x_rtc.o(i.RTC_SetAlarm) refers to stm32f10x_rtc.o(i.RTC_ExitConfigMode) for RTC_ExitConfigMode
    stm32f10x_rtc.o(i.RTC_SetCounter) refers to stm32f10x_rtc.o(i.RTC_EnterConfigMode) for RTC_EnterConfigMode
    stm32f10x_rtc.o(i.RTC_SetCounter) refers to stm32f10x_rtc.o(i.RTC_ExitConfigMode) for RTC_ExitConfigMode
    stm32f10x_rtc.o(i.RTC_SetPrescaler) refers to stm32f10x_rtc.o(i.RTC_EnterConfigMode) for RTC_EnterConfigMode
    stm32f10x_rtc.o(i.RTC_SetPrescaler) refers to stm32f10x_rtc.o(i.RTC_ExitConfigMode) for RTC_ExitConfigMode
    stm32f10x_spi.o(i.I2S_Init) refers to stm32f10x_rcc.o(i.RCC_GetClocksFreq) for RCC_GetClocksFreq
    stm32f10x_spi.o(i.SPI_I2S_DeInit) refers to stm32f10x_rcc.o(i.RCC_APB2PeriphResetCmd) for RCC_APB2PeriphResetCmd
    stm32f10x_spi.o(i.SPI_I2S_DeInit) refers to stm32f10x_rcc.o(i.RCC_APB1PeriphResetCmd) for RCC_APB1PeriphResetCmd
    stm32f10x_tim.o(i.TIM_DeInit) refers to stm32f10x_rcc.o(i.RCC_APB2PeriphResetCmd) for RCC_APB2PeriphResetCmd
    stm32f10x_tim.o(i.TIM_DeInit) refers to stm32f10x_rcc.o(i.RCC_APB1PeriphResetCmd) for RCC_APB1PeriphResetCmd
    stm32f10x_tim.o(i.TIM_ETRClockMode1Config) refers to stm32f10x_tim.o(i.TIM_ETRConfig) for TIM_ETRConfig
    stm32f10x_tim.o(i.TIM_ETRClockMode2Config) refers to stm32f10x_tim.o(i.TIM_ETRConfig) for TIM_ETRConfig
    stm32f10x_tim.o(i.TIM_ICInit) refers to stm32f10x_tim.o(i.TI1_Config) for TI1_Config
[...]
    Removing stm32f10x_tim.o(i.TIM_SelectCCDMA), (24 bytes).
    Removing stm32f10x_tim.o(i.TIM_SelectCOM), (24 bytes).
    Removing stm32f10x_tim.o(i.TIM_SelectHallSensor), (24 bytes).
    Removing stm32f10x_tim.o(i.TIM_SelectInputTrigger), (18 bytes).
    Removing stm32f10x_tim.o(i.TIM_SelectMasterSlaveMode), (18 bytes).
    Removing stm32f10x_tim.o(i.TIM_SelectOCxM), (82 bytes).
    Removing stm32f10x_tim.o(i.TIM_SelectOnePulseMode), (18 bytes).
    Removing stm32f10x_tim.o(i.TIM_SelectOutputTrigger), (18 bytes).
    Removing stm32f10x_tim.o(i.TIM_SelectSlaveMode), (18 bytes).
    Removing stm32f10x_tim.o(i.TIM_SetAutoreload), (4 bytes).
    Removing stm32f10x_tim.o(i.TIM_SetClockDivision), (18 bytes).
    Removing stm32f10x_tim.o(i.TIM_SetCompare1), (4 bytes).
    Removing stm32f10x_tim.o(i.TIM_SetCompare2), (4 bytes).
    Removing stm32f10x_tim.o(i.TIM_SetCompare3), (4 bytes).
    Removing stm32f10x_tim.o(i.TIM_SetCompare4), (6 bytes).
    Removing stm32f10x_tim.o(i.TIM_SetCounter), (4 bytes).
    Removing stm32f10x_tim.o(i.TIM_TIxExternalClockConfig), (62 bytes).
    Removing stm32f10x_tim.o(i.TIM_TimeBaseInit), (164 bytes).
    Removing stm32f10x_tim.o(i.TIM_TimeBaseStructInit), (18 bytes).
    Removing stm32f10x_tim.o(i.TIM_UpdateDisableConfig), (24 bytes).
    Removing stm32f10x_tim.o(i.TIM_UpdateRequestConfig), (24 bytes).
    Removing stm32f10x_usart.o(i.USART_ClearFlag), (18 bytes).
    Removing stm32f10x_usart.o(i.USART_ClearITPendingBit), (30 bytes).
    Removing stm32f10x_usart.o(i.USART_ClockInit), (34 bytes).
    Removing stm32f10x_usart.o(i.USART_ClockStructInit), (12 bytes).
    Removing stm32f10x_usart.o(i.USART_Cmd), (24 bytes).
    Removing stm32f10x_usart.o(i.USART_DMACmd), (18 bytes).
    Removing stm32f10x_usart.o(i.USART_DeInit), (156 bytes).
    Removing stm32f10x_usart.o(i.USART_GetFlagStatus), (26 bytes).
    Removing stm32f10x_usart.o(i.USART_GetITStatus), (84 bytes).
    Removing stm32f10x_usart.o(i.USART_HalfDuplexCmd), (24 bytes).
    Removing stm32f10x_usart.o(i.USART_ITConfig), (74 bytes).
    Removing stm32f10x_usart.o(i.USART_Init), (216 bytes).
    Removing stm32f10x_usart.o(i.USART_IrDACmd), (24 bytes).
    Removing stm32f10x_usart.o(i.USART_IrDAConfig), (18 bytes).
    Removing stm32f10x_usart.o(i.USART_LINBreakDetectLengthConfig), (18 bytes).
    Removing stm32f10x_usart.o(i.USART_LINCmd), (24 bytes).
    Removing stm32f10x_usart.o(i.USART_OneBitMethodCmd), (24 bytes).
    Removing stm32f10x_usart.o(i.USART_OverSampling8Cmd), (22 bytes).
    Removing stm32f10x_usart.o(i.USART_ReceiveData), (10 bytes).
    Removing stm32f10x_usart.o(i.USART_ReceiverWakeUpCmd), (24 bytes).
    Removing stm32f10x_usart.o(i.USART_SendBreak), (10 bytes).
    Removing stm32f10x_usart.o(i.USART_SendData), (8 bytes).
    Removing stm32f10x_usart.o(i.USART_SetAddress), (18 bytes).
    Removing stm32f10x_usart.o(i.USART_SetGuardTime), (16 bytes).
    Removing stm32f10x_usart.o(i.USART_SetPrescaler), (16 bytes).
    Removing stm32f10x_usart.o(i.USART_SmartCardCmd), (24 bytes).
    Removing stm32f10x_usart.o(i.USART_SmartCardNACKCmd), (24 bytes).
    Removing stm32f10x_usart.o(i.USART_StructInit), (24 bytes).
    Removing stm32f10x_usart.o(i.USART_WakeUpConfig), (18 bytes).
    Removing stm32f10x_wwdg.o(i.WWDG_ClearFlag), (12 bytes).
    Removing stm32f10x_wwdg.o(i.WWDG_DeInit), (22 bytes).
    Removing stm32f10x_wwdg.o(i.WWDG_Enable), (16 bytes).
    Removing stm32f10x_wwdg.o(i.WWDG_EnableIT), (12 bytes).
    Removing stm32f10x_wwdg.o(i.WWDG_GetFlagStatus), (12 bytes).
    Removing stm32f10x_wwdg.o(i.WWDG_SetCounter), (16 bytes).
    Removing stm32f10x_wwdg.o(i.WWDG_SetPrescaler), (24 bytes).
    Removing stm32f10x_wwdg.o(i.WWDG_SetWindowValue), (40 bytes).
    Removing delay.o(i.delay_ns), (10 bytes).
    Removing delay.o(i.delay_s), (24 bytes).
    Removing core_cm3.o(.emb_text), (32 bytes).
    Removing system_stm32f10x.o(i.SystemCoreClockUpdate), (164 bytes).
    Removing system_stm32f10x.o(.data), (20 bytes).
    Removing led.o(i.LED_Init), (52 bytes).
    Removing led.o(i.LED_Off_1), (16 bytes).
    Removing led.o(i.LED_Off_2), (16 bytes).
    Removing led.o(i.LED_On_1), (16 bytes).
    Removing led.o(i.LED_On_2), (16 bytes).
    Removing led.o(i.LED_Reverse_1), (36 bytes).
    Removing led.o(i.LED_Reverse_2), (36 bytes).
    Removing led.o(i.LED_Switch), (68 bytes).
    Removing key.o(i.KEY_Init), (44 bytes).
    Removing key.o(i.KEY_Read), (92 bytes).
    Removing oled.o(i.OLED_Clear), (42 bytes).
    Removing oled.o(i.OLED_I2C_Init), (80 bytes).
    Removing oled.o(i.OLED_I2C_SendByte), (84 bytes).
    Removing oled.o(i.OLED_I2C_Start), (52 bytes).
    Removing oled.o(i.OLED_I2C_Stop), (40 bytes).
    Removing oled.o(i.OLED_Init), (174 bytes).
    Removing oled.o(i.OLED_Pow), (20 bytes).
    Removing oled.o(i.OLED_SetCursor), (34 bytes).
    Removing oled.o(i.OLED_ShowBinNum), (62 bytes).
    Removing oled.o(i.OLED_ShowChar), (116 bytes).
    Removing oled.o(i.OLED_ShowHexNum), (84 bytes).
    Removing oled.o(i.OLED_ShowNum), (68 bytes).
    Removing oled.o(i.OLED_ShowSignedNum), (102 bytes).
    Removing oled.o(i.OLED_ShowString), (40 bytes).
    Removing oled.o(i.OLED_WriteCommand), (32 bytes).
    Removing oled.o(i.OLED_WriteData), (32 bytes).
    Removing oled.o(.constdata), (1520 bytes).
    Removing lcd1602.o(i.CGWrite), (68 bytes).
    Removing lcd1602.o(i.CG_Write), (36 bytes).
    Removing lcd1602.o(i.CL_Enter), (48 bytes).
    Removing lcd1602.o(i.CR_Enter), (48 bytes).
    Removing lcd1602.o(i.GPIO_LCM_Configuration), (44 bytes).
    Removing lcd1602.o(i.LCM_Init), (60 bytes).
    Removing lcd1602.o(i.L_Enter), (48 bytes).
    Removing lcd1602.o(i.R_Enter), (48 bytes).
    Removing lcd1602.o(i.WrCLcdC), (48 bytes).
    Removing lcd1602.o(i.WrCLcdD), (48 bytes).
    Removing lcd1602.o(i.WrCLcd_char_num), (180 bytes).
    Removing lcd1602.o(i.WrCLcd_int_num), (240 bytes).
    Removing lcd1602.o(i.WrCLcd_long_num), (420 bytes).
    Removing lcd1602.o(i.Wr_CodeData), (180 bytes).
    Removing lcd1602.o(i.Wr_In1), (40 bytes).
    Removing lcd1602.o(i.Wr_In2), (40 bytes).
    Removing lcd1602.o(i.WriteString), (52 bytes).
    Removing lcd1602.o(.data), (129 bytes).
    Removing lcd_tft.o(i.LCD_DisplayOff), (36 bytes).
    Removing lcd_tft.o(i.LCD_DisplayOn), (40 bytes).
    Removing lcd_tft.o(i.LCD_DotLine_H), (38 bytes).
    Removing lcd_tft.o(i.LCD_DotLine_V), (38 bytes).
    Removing lcd_tft.o(i.LCD_DrawDotHLine), (100 bytes).
    Removing lcd_tft.o(i.LCD_DrawDotVLine), (100 bytes).
    Removing lcd_tft.o(i.LCD_DrawFullRect), (80 bytes).
    Removing lcd_tft.o(i.LCD_DrawHLine), (72 bytes).
    Removing lcd_tft.o(i.LCD_DrawMonoPict), (124 bytes).
    Removing lcd_tft.o(i.LCD_DrawRect), (64 bytes).
    Removing lcd_tft.o(i.LCD_DrawRgbPict), (92 bytes).
    Removing lcd_tft.o(i.LCD_DrawVLine), (72 bytes).
    Removing lcd_tft.o(i.LCD_FillBox), (48 bytes).
    Removing lcd_tft.o(i.LCD_GetColors), (24 bytes).
    Removing lcd_tft.o(i.LCD_LineBox), (48 bytes).
    Removing lcd_tft.o(i.LCD_Line_H), (40 bytes).
    Removing lcd_tft.o(i.LCD_Line_V), (40 bytes).
    Removing lcd_tft.o(i.LCD_PowerOn), (136 bytes).
    Removing lcd_tft.o(i.LCD_SetBackColor), (16 bytes).
    Removing lcd_tft.o(i.LCD_SetPoint), (136 bytes).
    Removing lcd_tft.o(i.LCD_SetTextColor), (16 bytes).
    Removing lcd_tft.o(i.LCD_WindowModeDisable), (28 bytes).
    Removing lcd_tft.o(i.LCD_WriteChinese24x24string), (68 bytes).
    Removing lcd_tft.o(i.LCD_WriteNumChar), (52 bytes).
    Removing lcd_tft.o(i.LCD_WriteNumLong), (56 bytes).
    Removing lcd_tft.o(i.PutPixel), (56 bytes).

514 unused section(s) (total 23701 bytes) removed from the image.

==============================================================================

Image Symbol Table

    Local Symbols

    Symbol Name                              Value     Ov Type        Size  Object(Section)

    ../clib/angel/boardlib.s                 0x00000000   Number         0  boardshut.o ABSOLUTE
    ../clib/angel/boardlib.s                 0x00000000   Number         0  boardinit3.o ABSOLUTE
    ../clib/angel/boardlib.s                 0x00000000   Number         0  boardinit1.o ABSOLUTE
    ../clib/angel/boardlib.s                 0x00000000   Number         0  boardinit2.o ABSOLUTE
    ../clib/angel/handlers.s                 0x00000000   Number         0  __scatter_zi.o ABSOLUTE
    ../clib/angel/handlers.s                 0x00000000   Number         0  __scatter_copy.o ABSOLUTE
    ../clib/angel/kernel.s                   0x00000000   Number         0  __rtentry4.o ABSOLUTE
    ../clib/angel/kernel.s                   0x00000000   Number         0  __rtentry.o ABSOLUTE
    ../clib/angel/kernel.s                   0x00000000   Number         0  rtexit.o ABSOLUTE
    ../clib/angel/kernel.s                   0x00000000   Number         0  rtexit2.o ABSOLUTE
    ../clib/angel/kernel.s                   0x00000000   Number         0  __rtentry2.o ABSOLUTE
    ../clib/angel/rt.s                       0x00000000   Number         0  aeabi_ldiv0.o ABSOLUTE
    ../clib/angel/rt.s                       0x00000000   Number         0  aeabi_ldiv0_sigfpe.o ABSOLUTE
    ../clib/angel/rt.s                       0x00000000   Number         0  rt_div0.o ABSOLUTE
    ../clib/angel/rt.s                       0x00000000   Number         0  rt_raise.o ABSOLUTE
    ../clib/angel/scatter.s                  0x00000000   Number         0  __scatter.o ABSOLUTE
    ../clib/angel/startup.s                  0x00000000   Number         0  __main.o ABSOLUTE
    ../clib/angel/sys.s                      0x00000000   Number         0  libspace.o ABSOLUTE
    ../clib/angel/sys.s                      0x00000000   Number         0  use_no_semi.o ABSOLUTE
    ../clib/angel/sys.s                      0x00000000   Number         0  sys_stackheap_outer.o ABSOLUTE
    ../clib/angel/sys.s                      0x00000000   Number         0  indicate_semi.o ABSOLUTE
    ../clib/angel/sysapp.c                   0x00000000   Number         0  sys_wrch.o ABSOLUTE
    ../clib/angel/sysapp.c                   0x00000000   Number         0  sys_command.o ABSOLUTE
    ../clib/angel/sysapp.c                   0x00000000   Number         0  sys_exit.o ABSOLUTE
    ../clib/armsys.c                         0x00000000   Number         0  _get_argv_nomalloc.o ABSOLUTE
    ../clib/armsys.c                         0x00000000   Number         0  no_argv.o ABSOLUTE
    ../clib/armsys.c                         0x00000000   Number         0  argv_veneer.o ABSOLUTE
    ../clib/armsys.c                         0x00000000   Number         0  argv_veneer.o ABSOLUTE
    ../clib/heapalloc.c                      0x00000000   Number         0  hrguard.o ABSOLUTE
    ../clib/heapaux.c                        0x00000000   Number         0  heapauxi.o ABSOLUTE
    ../clib/libinit.s                        0x00000000   Number         0  libinit.o ABSOLUTE
    ../clib/libinit.s                        0x00000000   Number         0  libshutdown.o ABSOLUTE
    ../clib/libinit.s                        0x00000000   Number         0  libinit2.o ABSOLUTE
    ../clib/libinit.s                        0x00000000   Number         0  libshutdown2.o ABSOLUTE
    ../clib/longlong.s                       0x00000000   Number         0  lludivv7m.o ABSOLUTE
    ../clib/longlong.s                       0x00000000   Number         0  lludiv10.o ABSOLUTE
    ../clib/longlong.s                       0x00000000   Number         0  llsdiv.o ABSOLUTE
    ../clib/misc.s                           0x00000000   Number         0  printf_stubs.o ABSOLUTE
    ../clib/printf.c                         0x00000000   Number         0  __printf_flags_ss_wp.o ABSOLUTE
    ../clib/printf.c                         0x00000000   Number         0  __2sprintf.o ABSOLUTE
    ../clib/printf.c                         0x00000000   Number         0  __printf.o ABSOLUTE
    ../clib/printf.c                         0x00000000   Number         0  _printf_pad.o ABSOLUTE
    ../clib/printf.c                         0x00000000   Number         0  _printf_dec.o ABSOLUTE
    ../clib/printf.c                         0x00000000   Number         0  _printf_longlong_dec.o ABSOLUTE
    ../clib/printf.c                         0x00000000   Number         0  __printf_ss_wp.o ABSOLUTE
    ../clib/printf.c                         0x00000000   Number         0  __printf_nopercent.o ABSOLUTE
    ../clib/printf.c                         0x00000000   Number         0  __printf_ss.o ABSOLUTE
    ../clib/printf.c                         0x00000000   Number         0  __printf_flags_ss.o ABSOLUTE
    ../clib/printf.c                         0x00000000   Number         0  noretval__2sprintf.o ABSOLUTE
    ../clib/printf.c                         0x00000000   Number         0  __printf_wp.o ABSOLUTE
    ../clib/printf.c                         0x00000000   Number         0  __printf_flags_wp.o ABSOLUTE
    ../clib/printf.c                         0x00000000   Number         0  __printf_flags.o ABSOLUTE
    ../clib/printf.c                         0x00000000   Number         0  _sputc.o ABSOLUTE
    ../clib/printf.c                         0x00000000   Number         0  _printf_intcommon.o ABSOLUTE
    ../clib/printf.c                         0x00000000   Number         0  _printf_char_common.o ABSOLUTE
    ../clib/printf_percent.s                 0x00000000   Number         0  _printf_percent_end.o ABSOLUTE
    ../clib/printf_percent.s                 0x00000000   Number         0  _printf_lld.o ABSOLUTE
    ../clib/printf_percent.s                 0x00000000   Number         0  _printf_ll.o ABSOLUTE
    ../clib/printf_percent.s                 0x00000000   Number         0  _printf_d.o ABSOLUTE
    ../clib/printf_percent.s                 0x00000000   Number         0  _printf_percent.o ABSOLUTE
    ../clib/signal.c                         0x00000000   Number         0  __raise.o ABSOLUTE
    ../clib/signal.c                         0x00000000   Number         0  defsig_fpe_outer.o ABSOLUTE
    ../clib/signal.c                         0x00000000   Number         0  defsig_rtred_inner.o ABSOLUTE
    ../clib/signal.c                         0x00000000   Number         0  defsig_pvfn_inner.o ABSOLUTE
    ../clib/signal.c                         0x00000000   Number         0  defsig_rtmem_outer.o ABSOLUTE
    ../clib/signal.c                         0x00000000   Number         0  defsig_rtmem_formal.o ABSOLUTE
    ../clib/signal.c                         0x00000000   Number         0  defsig_abrt_inner.o ABSOLUTE
    ../clib/signal.c                         0x00000000   Number         0  defsig_general.o ABSOLUTE
    ../clib/signal.c                         0x00000000   Number         0  defsig_cppl_inner.o ABSOLUTE
    ../clib/signal.c                         0x00000000   Number         0  defsig_fpe_inner.o ABSOLUTE
    ../clib/signal.c                         0x00000000   Number         0  defsig_exit.o ABSOLUTE
    ../clib/signal.c                         0x00000000   Number         0  defsig_fpe_formal.o ABSOLUTE
    ../clib/signal.c                         0x00000000   Number         0  defsig_rtmem_inner.o ABSOLUTE
    ../clib/signal.c                         0x00000000   Number         0  defsig_segv_inner.o ABSOLUTE
    ../clib/signal.c                         0x00000000   Number         0  defsig_stak_inner.o ABSOLUTE
    ../clib/signal.c                         0x00000000   Number         0  defsig_other.o ABSOLUTE
    ../clib/signal.s                         0x00000000   Number         0  defsig.o ABSOLUTE
    ../clib/stdlib.c                         0x00000000   Number         0  exit.o ABSOLUTE
    ../fplib/fpinit.s                        0x00000000   Number         0  fpinit.o ABSOLUTE
    Hardware\ad.c                            0x00000000   Number         0  ad.o ABSOLUTE
    Hardware\hall_sensor.c                   0x00000000   Number         0  hall_sensor.o ABSOLUTE
    Hardware\key.c                           0x00000000   Number         0  key.o ABSOLUTE
    Hardware\keypad.c                        0x00000000   Number         0  keypad.o ABSOLUTE
    Hardware\lcd1602.c                       0x00000000   Number         0  lcd1602.o ABSOLUTE
    Hardware\lcd_tft.c                       0x00000000   Number         0  lcd_tft.o ABSOLUTE
    Hardware\led.c                           0x00000000   Number         0  led.o ABSOLUTE
    Hardware\oled.c                          0x00000000   Number         0  oled.o ABSOLUTE
    Hardware\peripheralInit.c                0x00000000   Number         0  peripheralinit.o ABSOLUTE
    Library\src\misc.c                       0x00000000   Number         0  misc.o ABSOLUTE
    Library\src\stm32f10x_adc.c              0x00000000   Number         0  stm32f10x_adc.o ABSOLUTE
    Library\src\stm32f10x_bkp.c              0x00000000   Number         0  stm32f10x_bkp.o ABSOLUTE
    Library\src\stm32f10x_can.c              0x00000000   Number         0  stm32f10x_can.o ABSOLUTE
    Library\src\stm32f10x_cec.c              0x00000000   Number         0  stm32f10x_cec.o ABSOLUTE
    Library\src\stm32f10x_crc.c              0x00000000   Number         0  stm32f10x_crc.o ABSOLUTE
    Library\src\stm32f10x_dac.c              0x00000000   Number         0  stm32f10x_dac.o ABSOLUTE
    Library\src\stm32f10x_dbgmcu.c           0x00000000   Number         0  stm32f10x_dbgmcu.o ABSOLUTE
    Library\src\stm32f10x_dma.c              0x00000000   Number         0  stm32f10x_dma.o ABSOLUTE
    Library\src\stm32f10x_exti.c             0x00000000   Number         0  stm32f10x_exti.o ABSOLUTE
    Library\src\stm32f10x_flash.c            0x00000000   Number         0  stm32f10x_flash.o ABSOLUTE
    Library\src\stm32f10x_fsmc.c             0x00000000   Number         0  stm32f10x_fsmc.o ABSOLUTE
    Library\src\stm32f10x_gpio.c             0x00000000   Number         0  stm32f10x_gpio.o ABSOLUTE
    Library\src\stm32f10x_i2c.c              0x00000000   Number         0  stm32f10x_i2c.o ABSOLUTE
    Library\src\stm32f10x_iwdg.c             0x00000000   Number         0  stm32f10x_iwdg.o ABSOLUTE
    Library\src\stm32f10x_pwr.c              0x00000000   Number         0  stm32f10x_pwr.o ABSOLUTE
    Library\src\stm32f10x_rcc.c              0x00000000   Number         0  stm32f10x_rcc.o ABSOLUTE
    Library\src\stm32f10x_rtc.c              0x00000000   Number         0  stm32f10x_rtc.o ABSOLUTE
    Library\src\stm32f10x_sdio.c             0x00000000   Number         0  stm32f10x_sdio.o ABSOLUTE
    Library\src\stm32f10x_spi.c              0x00000000   Number         0  stm32f10x_spi.o ABSOLUTE
    Library\src\stm32f10x_tim.c              0x00000000   Number         0  stm32f10x_tim.o ABSOLUTE
    Library\src\stm32f10x_usart.c            0x00000000   Number         0  stm32f10x_usart.o ABSOLUTE
    Library\src\stm32f10x_wwdg.c             0x00000000   Number         0  stm32f10x_wwdg.o ABSOLUTE
    Startup\\core_cm3.c                      0x00000000   Number         0  core_cm3.o ABSOLUTE
    Startup\core_cm3.c                       0x00000000   Number         0  core_cm3.o ABSOLUTE
    Startup\startup_stm32f10x_hd.s           0x00000000   Number         0  startup_stm32f10x_hd.o ABSOLUTE
    Startup\system_stm32f10x.c               0x00000000   Number         0  system_stm32f10x.o ABSOLUTE
    System\delay.c                           0x00000000   Number         0  delay.o ABSOLUTE
    User\main.c                              0x00000000   Number         0  main.o ABSOLUTE
    User\stm32f10x_it.c                      0x00000000   Number         0  stm32f10x_it.o ABSOLUTE
    dc.s                                     0x00000000   Number         0  dc.o ABSOLUTE
    RESET                                    0x08000000   Section      304  startup_stm32f10x_hd.o(RESET)
    !!!main                                  0x08000130   Section        8  __main.o(!!!main)
    !!!scatter                               0x08000138   Section       52  __scatter.o(!!!scatter)
    !!handler_copy                           0x0800016c   Section       26  __scatter_copy.o(!!handler_copy)
    !!handler_zi                             0x08000188   Section       28  __scatter_zi.o(!!handler_zi)
    .ARM.Collect$$_printf_percent$$00000000  0x080001a4   Section        0  _printf_percent.o(.ARM.Collect$$_printf_percent$$00000000)
    .ARM.Collect$$_printf_percent$$00000009  0x080001a4   Section        6  _printf_d.o(.ARM.Collect$$_printf_percent$$00000009)
    .ARM.Collect$$_printf_percent$$00000017  0x080001aa   Section        4  _printf_percent_end.o(.ARM.Collect$$_printf_percent$$00000017)
    .ARM.Collect$$libinit$$00000000          0x080001ae   Section        2  libinit.o(.ARM.Collect$$libinit$$00000000)
    .ARM.Collect$$libinit$$00000002          0x080001b0   Section        0  libinit2.o(.ARM.Collect$$libinit$$00000002)
    .ARM.Collect$$libinit$$00000004          0x080001b0   Section        0  libinit2.o(.ARM.Collect$$libinit$$00000004)
    .ARM.Collect$$libinit$$0000000A          0x080001b0   Section        0  libinit2.o(.ARM.Collect$$libinit$$0000000A)
    .ARM.Collect$$libinit$$0000000C          0x080001b0   Section        0  libinit2.o(.ARM.Collect$$libinit$$0000000C)
    .ARM.Collect$$libinit$$0000000E          0x080001b0   Section        0  libinit2.o(.ARM.Collect$$libinit$$0000000E)
    .ARM.Collect$$libinit$$00000011          0x080001b0   Section        0  libinit2.o(.ARM.Collect$$libinit$$00000011)
    .ARM.Collect$$libinit$$00000013          0x080001b0   Section        0  libinit2.o(.ARM.Collect$$libinit$$00000013)
    .ARM.Collect$$libinit$$00000015          0x080001b0   Section        0  libinit2.o(.ARM.Collect$$libinit$$00000015)
    .ARM.Collect$$libinit$$00000017          0x080001b0   Section        0  libinit2.o(.ARM.Collect$$libinit$$00000017)
    .ARM.Collect$$libinit$$00000019          0x080001b0   Section        0  libinit2.o(.ARM.Collect$$libinit$$00000019)
    .ARM.Collect$$libinit$$0000001B          0x080001b0   Section        0  libinit2.o(.ARM.Collect$$libinit$$0000001B)
    .ARM.Collect$$libinit$$0000001D          0x080001b0   Section        0  libinit2.o(.ARM.Collect$$libinit$$0000001D)
    .ARM.Collect$$libinit$$0000001F          0x080001b0   Section        0  libinit2.o(.ARM.Collect$$libinit$$0000001F)
    .ARM.Collect$$libinit$$00000021          0x080001b0   Section        0  libinit2.o(.ARM.Collect$$libinit$$00000021)
    .ARM.Collect$$libinit$$00000023          0x080001b0   Section        0  libinit2.o(.ARM.Collect$$libinit$$00000023)
    .ARM.Collect$$libinit$$00000025          0x080001b0   Section        0  libinit2.o(.ARM.Collect$$libinit$$00000025)
    .ARM.Collect$$libinit$$0000002C          0x080001b0   Section        0  libinit2.o(.ARM.Collect$$libinit$$0000002C)
    .ARM.Collect$$libinit$$0000002E          0x080001b0   Section        0  libinit2.o(.ARM.Collect$$libinit$$0000002E)
    .ARM.Collect$$libinit$$00000030          0x080001b0   Section        0  libinit2.o(.ARM.Collect$$libinit$$00000030)
    .ARM.Collect$$libinit$$00000032          0x080001b0   Section        0  libinit2.o(.ARM.Collect$$libinit$$00000032)
    .ARM.Collect$$libinit$$00000033          0x080001b0   Section        2  libinit2.o(.ARM.Collect$$libinit$$00000033)
    .ARM.Collect$$libshutdown$$00000000      0x080001b2   Section        2  libshutdown.o(.ARM.Collect$$libshutdown$$00000000)
    .ARM.Collect$$libshutdown$$00000002      0x080001b4   Section        0  libshutdown2.o(.ARM.Collect$$libshutdown$$00000002)
    .ARM.Collect$$libshutdown$$00000004      0x080001b4   Section        0  libshutdown2.o(.ARM.Collect$$libshutdown$$00000004)
    .ARM.Collect$$libshutdown$$00000007      0x080001b4   Section        0  libshutdown2.o(.ARM.Collect$$libshutdown$$00000007)
    .ARM.Collect$$libshutdown$$0000000A      0x080001b4   Section        0  libshutdown2.o(.ARM.Collect$$libshutdown$$0000000A)
    .ARM.Collect$$libshutdown$$0000000C      0x080001b4   Section        0  libshutdown2.o(.ARM.Collect$$libshutdown$$0000000C)
    .ARM.Collect$$libshutdown$$0000000F      0x080001b4   Section        0  libshutdown2.o(.ARM.Collect$$libshutdown$$0000000F)
    .ARM.Collect$$libshutdown$$00000010      0x080001b4   Section        2  libshutdown2.o(.ARM.Collect$$libshutdown$$00000010)
    .ARM.Collect$$rtentry$$00000000          0x080001b6   Section        0  __rtentry.o(.ARM.Collect$$rtentry$$00000000)
    .ARM.Collect$$rtentry$$00000002          0x080001b6   Section        0  __rtentry2.o(.ARM.Collect$$rtentry$$00000002)
    .ARM.Collect$$rtentry$$00000004          0x080001b6   Section        6  __rtentry4.o(.ARM.Collect$$rtentry$$00000004)
    .ARM.Collect$$rtentry$$00000009          0x080001bc   Section        0  __rtentry2.o(.ARM.Collect$$rtentry$$00000009)
    .ARM.Collect$$rtentry$$0000000A          0x080001bc   Section        4  __rtentry2.o(.ARM.Collect$$rtentry$$0000000A)
    .ARM.Collect$$rtentry$$0000000C          0x080001c0   Section        0  __rtentry2.o(.ARM.Collect$$rtentry$$0000000C)
    .ARM.Collect$$rtentry$$0000000D          0x080001c0   Section        8  __rtentry2.o(.ARM.Collect$$rtentry$$0000000D)
    .ARM.Collect$$rtexit$$00000000           0x080001c8   Section        2  rtexit.o(.ARM.Collect$$rtexit$$00000000)
    .ARM.Collect$$rtexit$$00000002           0x080001ca   Section        0  rtexit2.o(.ARM.Collect$$rtexit$$00000002)
    .ARM.Collect$$rtexit$$00000003           0x080001ca   Section        4  rtexit2.o(.ARM.Collect$$rtexit$$00000003)
    .ARM.Collect$$rtexit$$00000004           0x080001ce   Section        6  rtexit2.o(.ARM.Collect$$rtexit$$00000004)
    .text                                    0x080001d4   Section       64  startup_stm32f10x_hd.o(.text)
    .text                                    0x08000214   Section        0  noretval__2sprintf.o(.text)
    .text                                    0x0800023c   Section        0  _printf_pad.o(.text)
    .text                                    0x0800028c   Section        0  _printf_dec.o(.text)
    .text                                    0x08000304   Section        0  __printf_ss_wp.o(.text)
    .text                                    0x08000464   Section        0  heapauxi.o(.text)
    .text                                    0x0800046a   Section        0  _printf_intcommon.o(.text)
    .text                                    0x0800051c   Section        0  _printf_char_common.o(.text)
    _printf_input_char                       0x0800051d   Thumb Code    10  _printf_char_common.o(.text)
    .text                                    0x0800054c   Section        0  _sputc.o(.text)
    .text                                    0x08000556   Section       74  sys_stackheap_outer.o(.text)
    .text                                    0x080005a0   Section        0  exit.o(.text)
    .text                                    0x080005b4   Section        8  libspace.o(.text)
    .text                                    0x080005bc   Section        0  sys_exit.o(.text)
    .text                                    0x080005c8   Section        2  use_no_semi.o(.text)
    .text                                    0x080005ca   Section        0  indicate_semi.o(.text)
    i.ADC_Cmd                                0x080005ca   Section        0  stm32f10x_adc.o(i.ADC_Cmd)
    i.ADC_GetCalibrationStatus               0x080005e0   Section        0  stm32f10x_adc.o(i.ADC_GetCalibrationStatus)
    i.ADC_GetConversionValue                 0x080005f4   Section        0  stm32f10x_adc.o(i.ADC_GetConversionValue)
    i.ADC_GetFlagStatus                      0x080005fc   Section        0  stm32f10x_adc.o(i.ADC_GetFlagStatus)
    i.ADC_GetResetCalibrationStatus          0x0800060e   Section        0  stm32f10x_adc.o(i.ADC_GetResetCalibrationStatus)
    i.ADC_Init                               0x08000624   Section        0  stm32f10x_adc.o(i.ADC_Init)
    i.ADC_RegularChannelConfig               0x08000674   Section        0  stm32f10x_adc.o(i.ADC_RegularChannelConfig)
    i.ADC_ResetCalibration                   0x0800072c   Section        0  stm32f10x_adc.o(i.ADC_ResetCalibration)
    i.ADC_SoftwareStartConvCmd               0x08000736   Section        0  stm32f10x_adc.o(i.ADC_SoftwareStartConvCmd)
    i.ADC_StartCalibration                   0x0800074c   Section        0  stm32f10x_adc.o(i.ADC_StartCalibration)
    i.AD_GetValue                            0x08000758   Section        0  ad.o(i.AD_GetValue)
    i.AD_Init                                0x0800077c   Section        0  ad.o(i.AD_Init)
    i.BusFault_Handler                       0x0800081c   Section        0  stm32f10x_it.o(i.BusFault_Handler)
    i.DebugMon_Handler                       0x08000820   Section        0  stm32f10x_it.o(i.DebugMon_Handler)
    i.FSMC_NORSRAMCmd                        0x08000824   Section        0  stm32f10x_fsmc.o(i.FSMC_NORSRAMCmd)
    i.FSMC_NORSRAMInit                       0x08000858   Section        0  stm32f10x_fsmc.o(i.FSMC_NORSRAMInit)
    i.GPIO_Init                              0x0800093e   Section        0  stm32f10x_gpio.o(i.GPIO_Init)
    i.GPIO_Keyboard_Configuration            0x08000a54   Section        0  keypad.o(i.GPIO_Keyboard_Configuration)
    i.GPIO_ReadInputData                     0x08000ae8   Section        0  stm32f10x_gpio.o(i.GPIO_ReadInputData)
    i.GPIO_ReadInputDataBit                  0x08000af0   Section        0  stm32f10x_gpio.o(i.GPIO_ReadInputDataBit)
    i.GPIO_ResetBits                         0x08000b02   Section        0  stm32f10x_gpio.o(i.GPIO_ResetBits)
    i.GPIO_SetBits                           0x08000b06   Section        0  stm32f10x_gpio.o(i.GPIO_SetBits)
    i.GPIO_WriteBit                          0x08000b0a   Section        0  stm32f10x_gpio.o(i.GPIO_WriteBit)
    i.GetChineseCode                         0x08000b14   Section        0  lcd_tft.o(i.GetChineseCode)
    i.HALL_SENSOR_Init                       0x08000b78   Section        0  hall_sensor.o(i.HALL_SENSOR_Init)
    i.HardFault_Handler                      0x08000bf8   Section        0  stm32f10x_it.o(i.HardFault_Handler)
    i.KeyTransfer                            0x08000bfc   Section        0  keypad.o(i.KeyTransfer)
    i.Key_scan                               0x08000c9c   Section        0  keypad.o(i.Key_scan)
    i.LCD_Clear                              0x08000da8   Section        0  lcd_tft.o(i.LCD_Clear)
    i.LCD_CtrlLinesConfig                    0x08000de4   Section        0  lcd_tft.o(i.LCD_CtrlLinesConfig)
    i.LCD_DisplayChar                        0x08000e58   Section        0  lcd_tft.o(i.LCD_DisplayChar)
    i.LCD_DisplayChineseChar                 0x08000e9c   Section        0  lcd_tft.o(i.LCD_DisplayChineseChar)
    i.LCD_DisplayString                      0x08000ec0   Section        0  lcd_tft.o(i.LCD_DisplayString)
    i.LCD_Display_Dir                        0x08000f3c   Section        0  lcd_tft.o(i.LCD_Display_Dir)
    i.LCD_DrawChar                           0x08001088   Section        0  lcd_tft.o(i.LCD_DrawChar)
    LCD_DrawChar                             0x08001089   Thumb Code   140  lcd_tft.o(i.LCD_DrawChar)
    i.LCD_DrawChineseChar                    0x08001124   Section        0  lcd_tft.o(i.LCD_DrawChineseChar)
    LCD_DrawChineseChar                      0x08001125   Thumb Code   164  lcd_tft.o(i.LCD_DrawChineseChar)
    i.LCD_FSMCConfig                         0x080011d8   Section        0  lcd_tft.o(i.LCD_FSMCConfig)
    i.LCD_Init                               0x08001244   Section        0  lcd_tft.o(i.LCD_Init)
    i.LCD_ReadRAM                            0x080016d8   Section        0  lcd_tft.o(i.LCD_ReadRAM)
    i.LCD_ReadReg                            0x080016e4   Section        0  lcd_tft.o(i.LCD_ReadReg)
    i.LCD_SetColors                          0x080016f4   Section        0  lcd_tft.o(i.LCD_SetColors)
    i.LCD_SetCursor                          0x08001710   Section        0  lcd_tft.o(i.LCD_SetCursor)
    LCD_SetCursor                            0x08001711   Thumb Code   100  lcd_tft.o(i.LCD_SetCursor)
    i.LCD_SetDisplayWindow                   0x08001778   Section        0  lcd_tft.o(i.LCD_SetDisplayWindow)
    i.LCD_SetFont                            0x08001908   Section        0  lcd_tft.o(i.LCD_SetFont)
    i.LCD_WR_DATA                            0x0800191c   Section        0  lcd_tft.o(i.LCD_WR_DATA)
    i.LCD_WR_REG                             0x08001928   Section        0  lcd_tft.o(i.LCD_WR_REG)
    i.LCD_WriteNumInt                        0x08001934   Section        0  lcd_tft.o(i.LCD_WriteNumInt)
    i.LCD_WriteRAM                           0x08001968   Section        0  lcd_tft.o(i.LCD_WriteRAM)
    i.LCD_WriteRAM_Prepare                   0x08001974   Section        0  lcd_tft.o(i.LCD_WriteRAM_Prepare)
    i.LCD_WriteReg                           0x08001988   Section        0  lcd_tft.o(i.LCD_WriteReg)
    i.LCD_WriteString                        0x08001998   Section        0  lcd_tft.o(i.LCD_WriteString)
    i.MemManage_Handler                      0x080019be   Section        0  stm32f10x_it.o(i.MemManage_Handler)
    i.NMI_Handler                            0x080019c2   Section        0  stm32f10x_it.o(i.NMI_Handler)
    i.NVIC_Init                              0x080019c4   Section        0  misc.o(i.NVIC_Init)
    i.PendSV_Handler                         0x08001a34   Section        0  stm32f10x_it.o(i.PendSV_Handler)
    i.PeripheralInit                         0x08001a36   Section        0  peripheralinit.o(i.PeripheralInit)
    i.RCC_ADCCLKConfig                       0x08001a4c   Section        0  stm32f10x_rcc.o(i.RCC_ADCCLKConfig)
    i.RCC_AHBPeriphClockCmd                  0x08001a64   Section        0  stm32f10x_rcc.o(i.RCC_AHBPeriphClockCmd)
    i.RCC_APB2PeriphClockCmd                 0x08001a84   Section        0  stm32f10x_rcc.o(i.RCC_APB2PeriphClockCmd)
    i.SVC_Handler                            0x08001aa4   Section        0  stm32f10x_it.o(i.SVC_Handler)
    i.SetSysClock                            0x08001aa6   Section        0  system_stm32f10x.o(i.SetSysClock)
    SetSysClock                              0x08001aa7   Thumb Code     8  system_stm32f10x.o(i.SetSysClock)
    i.SetSysClockTo72                        0x08001ab0   Section        0  system_stm32f10x.o(i.SetSysClockTo72)
    SetSysClockTo72                          0x08001ab1   Thumb Code   214  system_stm32f10x.o(i.SetSysClockTo72)
    i.SysTick_Handler                        0x08001b90   Section        0  stm32f10x_it.o(i.SysTick_Handler)
    i.SystemInit                             0x08001b94   Section        0  system_stm32f10x.o(i.SystemInit)
    i.TI1_Config                             0x08001bf4   Section        0  stm32f10x_tim.o(i.TI1_Config)
    TI1_Config                               0x08001bf5   Thumb Code   108  stm32f10x_tim.o(i.TI1_Config)
    i.TI2_Config                             0x08001c74   Section        0  stm32f10x_tim.o(i.TI2_Config)
    TI2_Config                               0x08001c75   Thumb Code   130  stm32f10x_tim.o(i.TI2_Config)
    i.TI3_Config                             0x08001d0c   Section        0  stm32f10x_tim.o(i.TI3_Config)
    TI3_Config                               0x08001d0d   Thumb Code   122  stm32f10x_tim.o(i.TI3_Config)
    i.TI4_Config                             0x08001d9c   Section        0  stm32f10x_tim.o(i.TI4_Config)
    TI4_Config                               0x08001d9d   Thumb Code   130  stm32f10x_tim.o(i.TI4_Config)
    i.TIM1_CC_IRQHandler                     0x08001e34   Section        0  hall_sensor.o(i.TIM1_CC_IRQHandler)
    i.TIM_ClearITPendingBit                  0x08001e5c   Section        0  stm32f10x_tim.o(i.TIM_ClearITPendingBit)
    i.TIM_Cmd                                0x08001e62   Section        0  stm32f10x_tim.o(i.TIM_Cmd)
    i.TIM_GetITStatus                        0x08001e7a   Section        0  stm32f10x_tim.o(i.TIM_GetITStatus)
    i.TIM_ICInit                             0x08001e9c   Section        0  stm32f10x_tim.o(i.TIM_ICInit)
    i.TIM_ITConfig                           0x08001f48   Section        0  stm32f10x_tim.o(i.TIM_ITConfig)
    i.TIM_SetIC1Prescaler                    0x08001f5a   Section        0  stm32f10x_tim.o(i.TIM_SetIC1Prescaler)
    i.TIM_SetIC2Prescaler                    0x08001f6c   Section        0  stm32f10x_tim.o(i.TIM_SetIC2Prescaler)
    i.TIM_SetIC3Prescaler                    0x08001f86   Section        0  stm32f10x_tim.o(i.TIM_SetIC3Prescaler)
    i.TIM_SetIC4Prescaler                    0x08001f98   Section        0  stm32f10x_tim.o(i.TIM_SetIC4Prescaler)
    i.UsageFault_Handler                     0x08001fb2   Section        0  stm32f10x_it.o(i.UsageFault_Handler)
    i._is_digit                              0x08001fb6   Section        0  __printf_wp.o(i._is_digit)
    i.delay_ms                               0x08001fc4   Section        0  delay.o(i.delay_ms)
    i.delay_us                               0x08001fdc   Section        0  delay.o(i.delay_us)
    i.display_Chinese_BasicInfo              0x0800200c   Section        0  main.o(i.display_Chinese_BasicInfo)
    i.display_English_BasicInfo              0x080020cc   Section        0  main.o(i.display_English_BasicInfo)
    i.display_OilInfo                        0x08002198   Section        0  main.o(i.display_OilInfo)
    i.display_SpeedInfo                      0x080021b4   Section        0  main.o(i.display_SpeedInfo)
    i.getCycleCount                          0x080021f0   Section        0  hall_sensor.o(i.getCycleCount)
    i.getOilLevel                            0x0800221c   Section        0  ad.o(i.getOilLevel)
    i.getOilLevel_1                          0x0800223c   Section        0  ad.o(i.getOilLevel_1)
    i.getTravelledDistance                   0x0800225c   Section        0  hall_sensor.o(i.getTravelledDistance)
    i.main                                   0x08002278   Section        0  main.o(i.main)
    i.update_OilInfo                         0x080022dc   Section        0  main.o(i.update_OilInfo)
    i.update_SpeedInfo                       0x08002328   Section        0  main.o(i.update_SpeedInfo)
    .constdata                               0x08002344   Section    17073  lcd_tft.o(.constdata)
    .data                                    0x20000000   Section        1  keypad.o(.data)
    .data                                    0x20000004   Section       76  lcd_tft.o(.data)
    .data                                    0x20000050   Section        6  hall_sensor.o(.data)
    .data                                    0x20000056   Section       10  main.o(.data)
    .bss                                     0x20000060   Section       16  lcd_tft.o(.bss)
    .bss                                     0x20000070   Section       96  libspace.o(.bss)
    HEAP                                     0x200000d0   Section      512  startup_stm32f10x_hd.o(HEAP)
    Heap_Mem                                 0x200000d0   Data         512  startup_stm32f10x_hd.o(HEAP)
    STACK                                    0x200002d0   Section     1024  startup_stm32f10x_hd.o(STACK)
    Stack_Mem                                0x200002d0   Data        1024  startup_stm32f10x_hd.o(STACK)
    __initial_sp                             0x200006d0   Data           0  startup_stm32f10x_hd.o(STACK)

    Global Symbols

    Symbol Name                              Value     Ov Type        Size  Object(Section)

    BuildAttributes$$THM_ISAv4$P$D$K$B$S$PE$A:L22UL41UL21$X:L11$S22US41US21$IEEE1$IW$USESV6$~STKCKD$USESV7$~SHL$OSPACE$ROPI$EBA8$UX$STANDARDLIB$REQ8$PRES8$EABIv2 0x00000000   Number         0  anon$$obj.o ABSOLUTE
    __ARM_use_no_argv                        0x00000000   Number         0  main.o ABSOLUTE
    _printf_flags                            0x00000000   Number         0  printf_stubs.o ABSOLUTE
    _printf_return_value                     0x00000000   Number         0  printf_stubs.o ABSOLUTE
    _printf_sizespec                         0x00000000   Number         0  printf_stubs.o ABSOLUTE
    _printf_widthprec                        0x00000000   Number         0  printf_stubs.o ABSOLUTE
    __ARM_exceptions_init                     - Undefined Weak Reference
    __alloca_initialize                       - Undefined Weak Reference
    __arm_preinit_                            - Undefined Weak Reference
    __cpp_initialize__aeabi_                  - Undefined Weak Reference
    __cxa_finalize                            - Undefined Weak Reference
    __rt_locale                               - Undefined Weak Reference
    __sigvec_lookup                           - Undefined Weak Reference
    _atexit_init                              - Undefined Weak Reference
    _call_atexit_fns                          - Undefined Weak Reference
    _clock_init                               - Undefined Weak Reference
    _fp_trap_init                             - Undefined Weak Reference
    _fp_trap_shutdown                         - Undefined Weak Reference
    _get_lc_collate                           - Undefined Weak Reference
    _get_lc_ctype                             - Undefined Weak Reference
    _get_lc_monetary                          - Undefined Weak Reference
    _get_lc_numeric                           - Undefined Weak Reference
    _get_lc_time                              - Undefined Weak Reference
    _getenv_init                              - Undefined Weak Reference
    _handle_redirection                       - Undefined Weak Reference
    _init_alloc                               - Undefined Weak Reference
    _init_user_alloc                          - Undefined Weak Reference
    _initio                                   - Undefined Weak Reference
    _printf_truncate_signed                   - Undefined Weak Reference
    _printf_truncate_unsigned                 - Undefined Weak Reference
    _rand_init                                - Undefined Weak Reference
    _signal_finish                            - Undefined Weak Reference
    _signal_init                              - Undefined Weak Reference
    _terminate_alloc                          - Undefined Weak Reference
    _terminate_user_alloc                     - Undefined Weak Reference
    _terminateio                              - Undefined Weak Reference
    __Vectors_Size                           0x00000130   Number         0  startup_stm32f10x_hd.o ABSOLUTE
    __Vectors                                0x08000000   Data           4  startup_stm32f10x_hd.o(RESET)
    __Vectors_End                            0x08000130   Data           0  startup_stm32f10x_hd.o(RESET)
    __main                                   0x08000131   Thumb Code     8  __main.o(!!!main)
    __scatterload                            0x08000139   Thumb Code     0  __scatter.o(!!!scatter)
    __scatterload_rt2                        0x08000139   Thumb Code    44  __scatter.o(!!!scatter)
    __scatterload_rt2_thumb_only             0x08000139   Thumb Code     0  __scatter.o(!!!scatter)
    __scatterload_null                       0x08000147   Thumb Code     0  __scatter.o(!!!scatter)
    __scatterload_copy                       0x0800016d   Thumb Code    26  __scatter_copy.o(!!handler_copy)
    __scatterload_zeroinit                   0x08000189   Thumb Code    28  __scatter_zi.o(!!handler_zi)
    _printf_d                                0x080001a5   Thumb Code     0  _printf_d.o(.ARM.Collect$$_printf_percent$$00000009)
    _printf_percent                          0x080001a5   Thumb Code     0  _printf_percent.o(.ARM.Collect$$_printf_percent$$00000000)
    _printf_percent_end                      0x080001ab   Thumb Code     0  _printf_percent_end.o(.ARM.Collect$$_printf_percent$$00000017)
    __rt_lib_init                            0x080001af   Thumb Code     0  libinit.o(.ARM.Collect$$libinit$$00000000)
    __rt_lib_init_alloca_1                   0x080001b1   Thumb Code     0  libinit2.o(.ARM.Collect$$libinit$$0000002E)
    __rt_lib_init_argv_1                     0x080001b1   Thumb Code     0  libinit2.o(.ARM.Collect$$libinit$$0000002C)
    __rt_lib_init_atexit_1                   0x080001b1   Thumb Code     0  libinit2.o(.ARM.Collect$$libinit$$0000001B)
    __rt_lib_init_clock_1                    0x080001b1   Thumb Code     0  libinit2.o(.ARM.Collect$$libinit$$00000021)
    __rt_lib_init_cpp_1                      0x080001b1   Thumb Code     0  libinit2.o(.ARM.Collect$$libinit$$00000032)
    __rt_lib_init_exceptions_1               0x080001b1   Thumb Code     0  libinit2.o(.ARM.Collect$$libinit$$00000030)
    __rt_lib_init_fp_1                       0x080001b1   Thumb Code     0  libinit2.o(.ARM.Collect$$libinit$$00000002)
    __rt_lib_init_fp_trap_1                  0x080001b1   Thumb Code     0  libinit2.o(.ARM.Collect$$libinit$$0000001F)
    __rt_lib_init_getenv_1                   0x080001b1   Thumb Code     0  libinit2.o(.ARM.Collect$$libinit$$00000023)
    __rt_lib_init_heap_1                     0x080001b1   Thumb Code     0  libinit2.o(.ARM.Collect$$libinit$$0000000A)
    __rt_lib_init_lc_collate_1               0x080001b1   Thumb Code     0  libinit2.o(.ARM.Collect$$libinit$$00000011)
    __rt_lib_init_lc_ctype_1                 0x080001b1   Thumb Code     0  libinit2.o(.ARM.Collect$$libinit$$00000013)
    __rt_lib_init_lc_monetary_1              0x080001b1   Thumb Code     0  libinit2.o(.ARM.Collect$$libinit$$00000015)
    __rt_lib_init_lc_numeric_1               0x080001b1   Thumb Code     0  libinit2.o(.ARM.Collect$$libinit$$00000017)
    __rt_lib_init_lc_time_1                  0x080001b1   Thumb Code     0  libinit2.o(.ARM.Collect$$libinit$$00000019)
    __rt_lib_init_preinit_1                  0x080001b1   Thumb Code     0  libinit2.o(.ARM.Collect$$libinit$$00000004)
    __rt_lib_init_rand_1                     0x080001b1   Thumb Code     0  libinit2.o(.ARM.Collect$$libinit$$0000000E)
    __rt_lib_init_return                     0x080001b1   Thumb Code     0  libinit2.o(.ARM.Collect$$libinit$$00000033)
    __rt_lib_init_signal_1                   0x080001b1   Thumb Code     0  libinit2.o(.ARM.Collect$$libinit$$0000001D)
    __rt_lib_init_stdio_1                    0x080001b1   Thumb Code     0  libinit2.o(.ARM.Collect$$libinit$$00000025)
    __rt_lib_init_user_alloc_1               0x080001b1   Thumb Code     0  libinit2.o(.ARM.Collect$$libinit$$0000000C)
    __rt_lib_shutdown                        0x080001b3   Thumb Code     0  libshutdown.o(.ARM.Collect$$libshutdown$$00000000)
    __rt_lib_shutdown_cpp_1                  0x080001b5   Thumb Code     0  libshutdown2.o(.ARM.Collect$$libshutdown$$00000002)
    __rt_lib_shutdown_fp_trap_1              0x080001b5   Thumb Code     0  libshutdown2.o(.ARM.Collect$$libshutdown$$00000007)
    __rt_lib_shutdown_heap_1                 0x080001b5   Thumb Code     0  libshutdown2.o(.ARM.Collect$$libshutdown$$0000000F)
    __rt_lib_shutdown_return                 0x080001b5   Thumb Code     0  libshutdown2.o(.ARM.Collect$$libshutdown$$00000010)
    __rt_lib_shutdown_signal_1               0x080001b5   Thumb Code     0  libshutdown2.o(.ARM.Collect$$libshutdown$$0000000A)
    __rt_lib_shutdown_stdio_1                0x080001b5   Thumb Code     0  libshutdown2.o(.ARM.Collect$$libshutdown$$00000004)
    __rt_lib_shutdown_user_alloc_1           0x080001b5   Thumb Code     0  libshutdown2.o(.ARM.Collect$$libshutdown$$0000000C)
    __rt_entry                               0x080001b7   Thumb Code     0  __rtentry.o(.ARM.Collect$$rtentry$$00000000)
    __rt_entry_presh_1                       0x080001b7   Thumb Code     0  __rtentry2.o(.ARM.Collect$$rtentry$$00000002)
    __rt_entry_sh                            0x080001b7   Thumb Code     0  __rtentry4.o(.ARM.Collect$$rtentry$$00000004)
    __rt_entry_li                            0x080001bd   Thumb Code     0  __rtentry2.o(.ARM.Collect$$rtentry$$0000000A)
    __rt_entry_postsh_1                      0x080001bd   Thumb Code     0  __rtentry2.o(.ARM.Collect$$rtentry$$00000009)
    __rt_entry_main                          0x080001c1   Thumb Code     0  __rtentry2.o(.ARM.Collect$$rtentry$$0000000D)
    __rt_entry_postli_1                      0x080001c1   Thumb Code     0  __rtentry2.o(.ARM.Collect$$rtentry$$0000000C)
    __rt_exit                                0x080001c9   Thumb Code     0  rtexit.o(.ARM.Collect$$rtexit$$00000000)
    __rt_exit_ls                             0x080001cb   Thumb Code     0  rtexit2.o(.ARM.Collect$$rtexit$$00000003)
    __rt_exit_prels_1                        0x080001cb   Thumb Code     0  rtexit2.o(.ARM.Collect$$rtexit$$00000002)
    __rt_exit_exit                           0x080001cf   Thumb Code     0  rtexit2.o(.ARM.Collect$$rtexit$$00000004)
    Reset_Handler                            0x080001d5   Thumb Code     8  startup_stm32f10x_hd.o(.text)
    ADC1_2_IRQHandler                        0x080001ef   Thumb Code     0  startup_stm32f10x_hd.o(.text)
    ADC3_IRQHandler                          0x080001ef   Thumb Code     0  startup_stm32f10x_hd.o(.text)
    CAN1_RX1_IRQHandler                      0x080001ef   Thumb Code     0  startup_stm32f10x_hd.o(.text)
    CAN1_SCE_IRQHandler                      0x080001ef   Thumb Code     0  startup_stm32f10x_hd.o(.text)
    DMA1_Channel1_IRQHandler                 0x080001ef   Thumb Code     0  startup_stm32f10x_hd.o(.text)
    DMA1_Channel2_IRQHandler                 0x080001ef   Thumb Code     0  startup_stm32f10x_hd.o(.text)
    DMA1_Channel3_IRQHandler                 0x080001ef   Thumb Code     0  startup_stm32f10x_hd.o(.text)
    DMA1_Channel4_IRQHandler                 0x080001ef   Thumb Code     0  startup_stm32f10x_hd.o(.text)
    DMA1_Channel5_IRQHandler                 0x080001ef   Thumb Code     0  startup_stm32f10x_hd.o(.text)
    DMA1_Channel6_IRQHandler                 0x080001ef   Thumb Code     0  startup_stm32f10x_hd.o(.text)
    DMA1_Channel7_IRQHandler                 0x080001ef   Thumb Code     0  startup_stm32f10x_hd.o(.text)
    DMA2_Channel1_IRQHandler                 0x080001ef   Thumb Code     0  startup_stm32f10x_hd.o(.text)
    DMA2_Channel2_IRQHandler                 0x080001ef   Thumb Code     0  startup_stm32f10x_hd.o(.text)
    DMA2_Channel3_IRQHandler                 0x080001ef   Thumb Code     0  startup_stm32f10x_hd.o(.text)
    DMA2_Channel4_5_IRQHandler               0x080001ef   Thumb Code     0  startup_stm32f10x_hd.o(.text)
    EXTI0_IRQHandler                         0x080001ef   Thumb Code     0  startup_stm32f10x_hd.o(.text)
    EXTI15_10_IRQHandler                     0x080001ef   Thumb Code     0  startup_stm32f10x_hd.o(.text)
    EXTI1_IRQHandler                         0x080001ef   Thumb Code     0  startup_stm32f10x_hd.o(.text)
    EXTI2_IRQHandler                         0x080001ef   Thumb Code     0  startup_stm32f10x_hd.o(.text)
    EXTI3_IRQHandler                         0x080001ef   Thumb Code     0  startup_stm32f10x_hd.o(.text)
    EXTI4_IRQHandler                         0x080001ef   Thumb Code     0  startup_stm32f10x_hd.o(.text)
    EXTI9_5_IRQHandler                       0x080001ef   Thumb Code     0  startup_stm32f10x_hd.o(.text)
    FLASH_IRQHandler                         0x080001ef   Thumb Code     0  startup_stm32f10x_hd.o(.text)
    FSMC_IRQHandler                          0x080001ef   Thumb Code     0  startup_stm32f10x_hd.o(.text)
    I2C1_ER_IRQHandler                       0x080001ef   Thumb Code     0  startup_stm32f10x_hd.o(.text)
    I2C1_EV_IRQHandler                       0x080001ef   Thumb Code     0  startup_stm32f10x_hd.o(.text)
    I2C2_ER_IRQHandler                       0x080001ef   Thumb Code     0  startup_stm32f10x_hd.o(.text)
    I2C2_EV_IRQHandler                       0x080001ef   Thumb Code     0  startup_stm32f10x_hd.o(.text)
    PVD_IRQHandler                           0x080001ef   Thumb Code     0  startup_stm32f10x_hd.o(.text)
    RCC_IRQHandler                           0x080001ef   Thumb Code     0  startup_stm32f10x_hd.o(.text)
    RTCAlarm_IRQHandler                      0x080001ef   Thumb Code     0  startup_stm32f10x_hd.o(.text)
    RTC_IRQHandler                           0x080001ef   Thumb Code     0  startup_stm32f10x_hd.o(.text)
    SDIO_IRQHandler                          0x080001ef   Thumb Code     0  startup_stm32f10x_hd.o(.text)
    SPI1_IRQHandler                          0x080001ef   Thumb Code     0  startup_stm32f10x_hd.o(.text)
    SPI2_IRQHandler                          0x080001ef   Thumb Code     0  startup_stm32f10x_hd.o(.text)
    SPI3_IRQHandler                          0x080001ef   Thumb Code     0  startup_stm32f10x_hd.o(.text)
    TAMPER_IRQHandler                        0x080001ef   Thumb Code     0  startup_stm32f10x_hd.o(.text)
    TIM1_BRK_IRQHandler                      0x080001ef   Thumb Code     0  startup_stm32f10x_hd.o(.text)
    TIM1_TRG_COM_IRQHandler                  0x080001ef   Thumb Code     0  startup_stm32f10x_hd.o(.text)
    TIM1_UP_IRQHandler                       0x080001ef   Thumb Code     0  startup_stm32f10x_hd.o(.text)
    TIM2_IRQHandler                          0x080001ef   Thumb Code     0  startup_stm32f10x_hd.o(.text)
    TIM3_IRQHandler                          0x080001ef   Thumb Code     0  startup_stm32f10x_hd.o(.text)
    TIM4_IRQHandler                          0x080001ef   Thumb Code     0  startup_stm32f10x_hd.o(.text)
    TIM5_IRQHandler                          0x080001ef   Thumb Code     0  startup_stm32f10x_hd.o(.text)
    TIM6_IRQHandler                          0x080001ef   Thumb Code     0  startup_stm32f10x_hd.o(.text)
    TIM7_IRQHandler                          0x080001ef   Thumb Code     0  startup_stm32f10x_hd.o(.text)
    TIM8_BRK_IRQHandler                      0x080001ef   Thumb Code     0  startup_stm32f10x_hd.o(.text)
    TIM8_CC_IRQHandler                       0x080001ef   Thumb Code     0  startup_stm32f10x_hd.o(.text)
    TIM8_TRG_COM_IRQHandler                  0x080001ef   Thumb Code     0  startup_stm32f10x_hd.o(.text)
    TIM8_UP_IRQHandler                       0x080001ef   Thumb Code     0  startup_stm32f10x_hd.o(.text)
    UART4_IRQHandler                         0x080001ef   Thumb Code     0  startup_stm32f10x_hd.o(.text)
    UART5_IRQHandler                         0x080001ef   Thumb Code     0  startup_stm32f10x_hd.o(.text)
    USART1_IRQHandler                        0x080001ef   Thumb Code     0  startup_stm32f10x_hd.o(.text)
    USART2_IRQHandler                        0x080001ef   Thumb Code     0  startup_stm32f10x_hd.o(.text)
    USART3_IRQHandler                        0x080001ef   Thumb Code     0  startup_stm32f10x_hd.o(.text)
    USBWakeUp_IRQHandler                     0x080001ef   Thumb Code     0  startup_stm32f10x_hd.o(.text)
    USB_HP_CAN1_TX_IRQHandler                0x080001ef   Thumb Code     0  startup_stm32f10x_hd.o(.text)
    USB_LP_CAN1_RX0_IRQHandler               0x080001ef   Thumb Code     0  startup_stm32f10x_hd.o(.text)
    WWDG_IRQHandler                          0x080001ef   Thumb Code     0  startup_stm32f10x_hd.o(.text)
    __user_initial_stackheap                 0x080001f1   Thumb Code     0  startup_stm32f10x_hd.o(.text)
    __2sprintf                               0x08000215   Thumb Code    34  noretval__2sprintf.o(.text)
    _printf_pre_padding                      0x0800023d   Thumb Code    44  _printf_pad.o(.text)
    _printf_post_padding                     0x08000269   Thumb Code    34  _printf_pad.o(.text)
    _printf_int_dec                          0x0800028d   Thumb Code   104  _printf_dec.o(.text)
    __printf                                 0x08000305   Thumb Code   352  __printf_ss_wp.o(.text)
    __use_two_region_memory                  0x08000465   Thumb Code     2  heapauxi.o(.text)
    __rt_heap_escrow$2region                 0x08000467   Thumb Code     2  heapauxi.o(.text)
    __rt_heap_expand$2region                 0x08000469   Thumb Code     2  heapauxi.o(.text)
    _printf_int_common                       0x0800046b   Thumb Code   178  _printf_intcommon.o(.text)
    _printf_char_common                      0x08000527   Thumb Code    32  _printf_char_common.o(.text)
    _sputc                                   0x0800054d   Thumb Code    10  _sputc.o(.text)
    __user_setup_stackheap                   0x08000557   Thumb Code    74  sys_stackheap_outer.o(.text)
    exit                                     0x080005a1   Thumb Code    18  exit.o(.text)
    __user_libspace                          0x080005b5   Thumb Code     8  libspace.o(.text)
    __user_perproc_libspace                  0x080005b5   Thumb Code     0  libspace.o(.text)
    __user_perthread_libspace                0x080005b5   Thumb Code     0  libspace.o(.text)
    _sys_exit                                0x080005bd   Thumb Code     8  sys_exit.o(.text)
    __I$use$semihosting                      0x080005c9   Thumb Code     0  use_no_semi.o(.text)
    __use_no_semihosting_swi                 0x080005c9   Thumb Code     2  use_no_semi.o(.text)
    ADC_Cmd                                  0x080005cb   Thumb Code    22  stm32f10x_adc.o(i.ADC_Cmd)
    __semihosting_library_function           0x080005cb   Thumb Code     0  indicate_semi.o(.text)
    ADC_GetCalibrationStatus                 0x080005e1   Thumb Code    20  stm32f10x_adc.o(i.ADC_GetCalibrationStatus)
    ADC_GetConversionValue                   0x080005f5   Thumb Code     8  stm32f10x_adc.o(i.ADC_GetConversionValue)
    ADC_GetFlagStatus                        0x080005fd   Thumb Code    18  stm32f10x_adc.o(i.ADC_GetFlagStatus)
    ADC_GetResetCalibrationStatus            0x0800060f   Thumb Code    20  stm32f10x_adc.o(i.ADC_GetResetCalibrationStatus)
    ADC_Init                                 0x08000625   Thumb Code    70  stm32f10x_adc.o(i.ADC_Init)
    ADC_RegularChannelConfig                 0x08000675   Thumb Code   184  stm32f10x_adc.o(i.ADC_RegularChannelConfig)
    ADC_ResetCalibration                     0x0800072d   Thumb Code    10  stm32f10x_adc.o(i.ADC_ResetCalibration)
    ADC_SoftwareStartConvCmd                 0x08000737   Thumb Code    22  stm32f10x_adc.o(i.ADC_SoftwareStartConvCmd)
    ADC_StartCalibration                     0x0800074d   Thumb Code    10  stm32f10x_adc.o(i.ADC_StartCalibration)
    AD_GetValue                              0x08000759   Thumb Code    32  ad.o(i.AD_GetValue)
    AD_Init                                  0x0800077d   Thumb Code   150  ad.o(i.AD_Init)
    BusFault_Handler                         0x0800081d   Thumb Code     4  stm32f10x_it.o(i.BusFault_Handler)
    DebugMon_Handler                         0x08000821   Thumb Code     2  stm32f10x_it.o(i.DebugMon_Handler)
    FSMC_NORSRAMCmd                          0x08000825   Thumb Code    46  stm32f10x_fsmc.o(i.FSMC_NORSRAMCmd)
    FSMC_NORSRAMInit                         0x08000859   Thumb Code   230  stm32f10x_fsmc.o(i.FSMC_NORSRAMInit)
    GPIO_Init                                0x0800093f   Thumb Code   278  stm32f10x_gpio.o(i.GPIO_Init)
    GPIO_Keyboard_Configuration              0x08000a55   Thumb Code   134  keypad.o(i.GPIO_Keyboard_Configuration)
    GPIO_ReadInputData                       0x08000ae9   Thumb Code     8  stm32f10x_gpio.o(i.GPIO_ReadInputData)
    GPIO_ReadInputDataBit                    0x08000af1   Thumb Code    18  stm32f10x_gpio.o(i.GPIO_ReadInputDataBit)
    GPIO_ResetBits                           0x08000b03   Thumb Code     4  stm32f10x_gpio.o(i.GPIO_ResetBits)
    GPIO_SetBits                             0x08000b07   Thumb Code     4  stm32f10x_gpio.o(i.GPIO_SetBits)
    GPIO_WriteBit                            0x08000b0b   Thumb Code    10  stm32f10x_gpio.o(i.GPIO_WriteBit)
    GetChineseCode                           0x08000b15   Thumb Code    94  lcd_tft.o(i.GetChineseCode)
    HALL_SENSOR_Init                         0x08000b79   Thumb Code   120  hall_sensor.o(i.HALL_SENSOR_Init)
    HardFault_Handler                        0x08000bf9   Thumb Code     4  stm32f10x_it.o(i.HardFault_Handler)
    KeyTransfer                              0x08000bfd   Thumb Code   158  keypad.o(i.KeyTransfer)
    Key_scan                                 0x08000c9d   Thumb Code   256  keypad.o(i.Key_scan)
    LCD_Clear                                0x08000da9   Thumb Code    50  lcd_tft.o(i.LCD_Clear)
    LCD_CtrlLinesConfig                      0x08000de5   Thumb Code   106  lcd_tft.o(i.LCD_CtrlLinesConfig)
    LCD_DisplayChar                          0x08000e59   Thumb Code    62  lcd_tft.o(i.LCD_DisplayChar)
    LCD_DisplayChineseChar                   0x08000e9d   Thumb Code    34  lcd_tft.o(i.LCD_DisplayChineseChar)
    LCD_DisplayString                        0x08000ec1   Thumb Code   110  lcd_tft.o(i.LCD_DisplayString)
    LCD_Display_Dir                          0x08000f3d   Thumb Code   328  lcd_tft.o(i.LCD_Display_Dir)
    LCD_FSMCConfig                           0x080011d9   Thumb Code   108  lcd_tft.o(i.LCD_FSMCConfig)
    LCD_Init                                 0x08001245   Thumb Code  1154  lcd_tft.o(i.LCD_Init)
    LCD_ReadRAM                              0x080016d9   Thumb Code     6  lcd_tft.o(i.LCD_ReadRAM)
    LCD_ReadReg                              0x080016e5   Thumb Code    12  lcd_tft.o(i.LCD_ReadReg)
    LCD_SetColors                            0x080016f5   Thumb Code    20  lcd_tft.o(i.LCD_SetColors)
    LCD_SetDisplayWindow                     0x08001779   Thumb Code   396  lcd_tft.o(i.LCD_SetDisplayWindow)
    LCD_SetFont                              0x08001909   Thumb Code    10  lcd_tft.o(i.LCD_SetFont)
    LCD_WR_DATA                              0x0800191d   Thumb Code     6  lcd_tft.o(i.LCD_WR_DATA)
    LCD_WR_REG                               0x08001929   Thumb Code     6  lcd_tft.o(i.LCD_WR_REG)
    LCD_WriteNumInt                          0x08001935   Thumb Code    46  lcd_tft.o(i.LCD_WriteNumInt)
    LCD_WriteRAM                             0x08001969   Thumb Code     6  lcd_tft.o(i.LCD_WriteRAM)
    LCD_WriteRAM_Prepare                     0x08001975   Thumb Code    10  lcd_tft.o(i.LCD_WriteRAM_Prepare)
    LCD_WriteReg                             0x08001989   Thumb Code    10  lcd_tft.o(i.LCD_WriteReg)
    LCD_WriteString                          0x08001999   Thumb Code    38  lcd_tft.o(i.LCD_WriteString)
    MemManage_Handler                        0x080019bf   Thumb Code     4  stm32f10x_it.o(i.MemManage_Handler)
    NMI_Handler                              0x080019c3   Thumb Code     2  stm32f10x_it.o(i.NMI_Handler)
    NVIC_Init                                0x080019c5   Thumb Code   100  misc.o(i.NVIC_Init)
    PendSV_Handler                           0x08001a35   Thumb Code     2  stm32f10x_it.o(i.PendSV_Handler)
    PeripheralInit                           0x08001a37   Thumb Code    20  peripheralinit.o(i.PeripheralInit)
    RCC_ADCCLKConfig                         0x08001a4d   Thumb Code    18  stm32f10x_rcc.o(i.RCC_ADCCLKConfig)
    RCC_AHBPeriphClockCmd                    0x08001a65   Thumb Code    26  stm32f10x_rcc.o(i.RCC_AHBPeriphClockCmd)
    RCC_APB2PeriphClockCmd                   0x08001a85   Thumb Code    26  stm32f10x_rcc.o(i.RCC_APB2PeriphClockCmd)
    SVC_Handler                              0x08001aa5   Thumb Code     2  stm32f10x_it.o(i.SVC_Handler)
    SysTick_Handler                          0x08001b91   Thumb Code     2  stm32f10x_it.o(i.SysTick_Handler)
    SystemInit                               0x08001b95   Thumb Code    78  system_stm32f10x.o(i.SystemInit)
    TIM1_CC_IRQHandler                       0x08001e35   Thumb Code    32  hall_sensor.o(i.TIM1_CC_IRQHandler)
    TIM_ClearITPendingBit                    0x08001e5d   Thumb Code     6  stm32f10x_tim.o(i.TIM_ClearITPendingBit)
    TIM_Cmd                                  0x08001e63   Thumb Code    24  stm32f10x_tim.o(i.TIM_Cmd)
    TIM_GetITStatus                          0x08001e7b   Thumb Code    34  stm32f10x_tim.o(i.TIM_GetITStatus)
    TIM_ICInit                               0x08001e9d   Thumb Code   150  stm32f10x_tim.o(i.TIM_ICInit)
    TIM_ITConfig                             0x08001f49   Thumb Code    18  stm32f10x_tim.o(i.TIM_ITConfig)
    TIM_SetIC1Prescaler                      0x08001f5b   Thumb Code    18  stm32f10x_tim.o(i.TIM_SetIC1Prescaler)
    TIM_SetIC2Prescaler                      0x08001f6d   Thumb Code    26  stm32f10x_tim.o(i.TIM_SetIC2Prescaler)
    TIM_SetIC3Prescaler                      0x08001f87   Thumb Code    18  stm32f10x_tim.o(i.TIM_SetIC3Prescaler)
    TIM_SetIC4Prescaler                      0x08001f99   Thumb Code    26  stm32f10x_tim.o(i.TIM_SetIC4Prescaler)
    UsageFault_Handler                       0x08001fb3   Thumb Code     4  stm32f10x_it.o(i.UsageFault_Handler)
    _is_digit                                0x08001fb7   Thumb Code    14  __printf_wp.o(i._is_digit)
    delay_ms                                 0x08001fc5   Thumb Code    24  delay.o(i.delay_ms)
    delay_us                                 0x08001fdd   Thumb Code    46  delay.o(i.delay_us)
    display_Chinese_BasicInfo                0x0800200d   Thumb Code   132  main.o(i.display_Chinese_BasicInfo)
    display_English_BasicInfo                0x080020cd   Thumb Code   132  main.o(i.display_English_BasicInfo)
    display_OilInfo                          0x08002199   Thumb Code    24  main.o(i.display_OilInfo)
    display_SpeedInfo                        0x080021b5   Thumb Code    52  main.o(i.display_SpeedInfo)
    getCycleCount                            0x080021f1   Thumb Code    36  hall_sensor.o(i.getCycleCount)
    getOilLevel                              0x0800221d   Thumb Code    32  ad.o(i.getOilLevel)
    getOilLevel_1                            0x0800223d   Thumb Code    32  ad.o(i.getOilLevel_1)
    getTravelledDistance                     0x0800225d   Thumb Code    20  hall_sensor.o(i.getTravelledDistance)
    main                                     0x08002279   Thumb Code    90  main.o(i.main)
    update_OilInfo                           0x080022dd   Thumb Code    68  main.o(i.update_OilInfo)
    update_SpeedInfo                         0x08002329   Thumb Code    20  main.o(i.update_SpeedInfo)
    Font8_Table                              0x08002344   Data         760  lcd_tft.o(.constdata)
    Font12_Table                             0x0800263c   Data        1140  lcd_tft.o(.constdata)
    Font16_Table                             0x08002ab0   Data        1520  lcd_tft.o(.constdata)
    Font20_Table                             0x080030a0   Data        3800  lcd_tft.o(.constdata)
    Font24_Table                             0x08003f78   Data        6840  lcd_tft.o(.constdata)
    codeGB_16                                0x08005a30   Data        2489  lcd_tft.o(.constdata)
    codeGB_24                                0x080063e9   Data         524  lcd_tft.o(.constdata)
    Region$$Table$$Base                      0x080065f8   Number         0  anon$$obj.o(Region$$Table)
    Region$$Table$$Limit                     0x08006618   Number         0  anon$$obj.o(Region$$Table)
    IOToggle                                 0x20000000   Data           1  keypad.o(.data)
    Font8                                    0x20000004   Data           8  lcd_tft.o(.data)
    Font12                                   0x2000000c   Data           8  lcd_tft.o(.data)
    Font16                                   0x20000014   Data           8  lcd_tft.o(.data)
    Font20                                   0x2000001c   Data           8  lcd_tft.o(.data)
    Font24                                   0x20000024   Data           8  lcd_tft.o(.data)
    Font16_CN                                0x2000002c   Data          12  lcd_tft.o(.data)
    Font24_CN                                0x20000038   Data          12  lcd_tft.o(.data)
    LCD_Currentfonts                         0x20000044   Data           4  lcd_tft.o(.data)
    LCD_Currentfonts_CN                      0x20000048   Data           4  lcd_tft.o(.data)
    TextColor                                0x2000004c   Data           2  lcd_tft.o(.data)
    BackColor                                0x2000004e   Data           2  lcd_tft.o(.data)
    cycle                                    0x20000050   Data           2  hall_sensor.o(.data)
    times                                    0x20000052   Data           2  hall_sensor.o(.data)
    distance                                 0x20000054   Data           2  hall_sensor.o(.data)
    current_speed                            0x20000056   Data           2  main.o(.data)
    travelled_distance                       0x20000058   Data           2  main.o(.data)
    oil_level                                0x2000005a   Data           2  main.o(.data)
    flag                                     0x2000005c   Data           2  main.o(.data)
    keyval                                   0x2000005e   Data           2  main.o(.data)
    LCD_Dev                                  0x20000060   Data          16  lcd_tft.o(.bss)
    __libspace_start                         0x20000070   Data          96  libspace.o(.bss)
    __temporary_stack_top$libspace           0x200000d0   Data           0  libspace.o(.bss)



==============================================================================

Memory Map of the image

  Image Entry point : 0x08000131

  Load Region LR_IROM1 (Base: 0x08000000, Size: 0x00006678, Max: 0x00040000, ABSOLUTE)

    Execution Region ER_IROM1 (Exec base: 0x08000000, Load base: 0x08000000, Size: 0x00006618, Max: 0x00040000, ABSOLUTE)

    Exec Addr    Load Addr    Size         Type   Attr      Idx    E Section Name        Object

    0x08000000   0x08000000   0x00000130   Data   RO         3152    RESET               startup_stm32f10x_hd.o
    0x08000130   0x08000130   0x00000008   Code   RO         4098  * !!!main             c_w.l(__main.o)
    0x08000138   0x08000138   0x00000034   Code   RO         4279    !!!scatter          c_w.l(__scatter.o)
    0x0800016c   0x0800016c   0x0000001a   Code   RO         4281    !!handler_copy      c_w.l(__scatter_copy.o)
    0x08000186   0x08000186   0x00000002   PAD
    0x08000188   0x08000188   0x0000001c   Code   RO         4283    !!handler_zi        c_w.l(__scatter_zi.o)
    0x080001a4   0x080001a4   0x00000000   Code   RO         4094    .ARM.Collect$$_printf_percent$$00000000  c_w.l(_printf_percent.o)
    0x080001a4   0x080001a4   0x00000006   Code   RO         4093    .ARM.Collect$$_printf_percent$$00000009  c_w.l(_printf_d.o)
    0x080001aa   0x080001aa   0x00000004   Code   RO         4111    .ARM.Collect$$_printf_percent$$00000017  c_w.l(_printf_percent_end.o)
    0x080001ae   0x080001ae   0x00000002   Code   RO         4145    .ARM.Collect$$libinit$$00000000  c_w.l(libinit.o)
    0x080001b0   0x080001b0   0x00000000   Code   RO         4156    .ARM.Collect$$libinit$$00000002  c_w.l(libinit2.o)
    0x080001b0   0x080001b0   0x00000000   Code   RO         4158    .ARM.Collect$$libinit$$00000004  c_w.l(libinit2.o)
    0x080001b0   0x080001b0   0x00000000   Code   RO         4161    .ARM.Collect$$libinit$$0000000A  c_w.l(libinit2.o)
    0x080001b0   0x080001b0   0x00000000   Code   RO         4163    .ARM.Collect$$libinit$$0000000C  c_w.l(libinit2.o)
    0x080001b0   0x080001b0   0x00000000   Code   RO         4165    .ARM.Collect$$libinit$$0000000E  c_w.l(libinit2.o)
    0x080001b0   0x080001b0   0x00000000   Code   RO         4168    .ARM.Collect$$libinit$$00000011  c_w.l(libinit2.o)
    0x080001b0   0x080001b0   0x00000000   Code   RO         4170    .ARM.Collect$$libinit$$00000013  c_w.l(libinit2.o)
    0x080001b0   0x080001b0   0x00000000   Code   RO         4172    .ARM.Collect$$libinit$$00000015  c_w.l(libinit2.o)
    0x080001b0   0x080001b0   0x00000000   Code   RO         4174    .ARM.Collect$$libinit$$00000017  c_w.l(libinit2.o)
    0x080001b0   0x080001b0   0x00000000   Code   RO         4176    .ARM.Collect$$libinit$$00000019  c_w.l(libinit2.o)
    0x080001b0   0x080001b0   0x00000000   Code   RO         4178    .ARM.Collect$$libinit$$0000001B  c_w.l(libinit2.o)
    0x080001b0   0x080001b0   0x00000000   Code   RO         4180    .ARM.Collect$$libinit$$0000001D  c_w.l(libinit2.o)
    0x080001b0   0x080001b0   0x00000000   Code   RO         4182    .ARM.Collect$$libinit$$0000001F  c_w.l(libinit2.o)
    0x080001b0   0x080001b0   0x00000000   Code   RO         4184    .ARM.Collect$$libinit$$00000021  c_w.l(libinit2.o)
    0x080001b0   0x080001b0   0x00000000   Code   RO         4186    .ARM.Collect$$libinit$$00000023  c_w.l(libinit2.o)
    0x080001b0   0x080001b0   0x00000000   Code   RO         4188    .ARM.Collect$$libinit$$00000025  c_w.l(libinit2.o)
    0x080001b0   0x080001b0   0x00000000   Code   RO         4192    .ARM.Collect$$libinit$$0000002C  c_w.l(libinit2.o)
    0x080001b0   0x080001b0   0x00000000   Code   RO         4194    .ARM.Collect$$libinit$$0000002E  c_w.l(libinit2.o)
    0x080001b0   0x080001b0   0x00000000   Code   RO         4196    .ARM.Collect$$libinit$$00000030  c_w.l(libinit2.o)
    0x080001b0   0x080001b0   0x00000000   Code   RO         4198    .ARM.Collect$$libinit$$00000032  c_w.l(libinit2.o)
    0x080001b0   0x080001b0   0x00000002   Code   RO         4199    .ARM.Collect$$libinit$$00000033  c_w.l(libinit2.o)
    0x080001b2   0x080001b2   0x00000002   Code   RO         4229    .ARM.Collect$$libshutdown$$00000000  c_w.l(libshutdown.o)
    0x080001b4   0x080001b4   0x00000000   Code   RO         4246    .ARM.Collect$$libshutdown$$00000002  c_w.l(libshutdown2.o)
    0x080001b4   0x080001b4   0x00000000   Code   RO         4248    .ARM.Collect$$libshutdown$$00000004  c_w.l(libshutdown2.o)
    0x080001b4   0x080001b4   0x00000000   Code   RO         4251    .ARM.Collect$$libshutdown$$00000007  c_w.l(libshutdown2.o)
    0x080001b4   0x080001b4   0x00000000   Code   RO         4254    .ARM.Collect$$libshutdown$$0000000A  c_w.l(libshutdown2.o)
    0x080001b4   0x080001b4   0x00000000   Code   RO         4256    .ARM.Collect$$libshutdown$$0000000C  c_w.l(libshutdown2.o)
    0x080001b4   0x080001b4   0x00000000   Code   RO         4259    .ARM.Collect$$libshutdown$$0000000F  c_w.l(libshutdown2.o)
    0x080001b4   0x080001b4   0x00000002   Code   RO         4260    .ARM.Collect$$libshutdown$$00000010  c_w.l(libshutdown2.o)
    0x080001b6   0x080001b6   0x00000000   Code   RO         4100    .ARM.Collect$$rtentry$$00000000  c_w.l(__rtentry.o)
    0x080001b6   0x080001b6   0x00000000   Code   RO         4114    .ARM.Collect$$rtentry$$00000002  c_w.l(__rtentry2.o)
    0x080001b6   0x080001b6   0x00000006   Code   RO         4126    .ARM.Collect$$rtentry$$00000004  c_w.l(__rtentry4.o)
    0x080001bc   0x080001bc   0x00000000   Code   RO         4116    .ARM.Collect$$rtentry$$00000009  c_w.l(__rtentry2.o)
    0x080001bc   0x080001bc   0x00000004   Code   RO         4117    .ARM.Collect$$rtentry$$0000000A  c_w.l(__rtentry2.o)
    0x080001c0   0x080001c0   0x00000000   Code   RO         4119    .ARM.Collect$$rtentry$$0000000C  c_w.l(__rtentry2.o)
    0x080001c0   0x080001c0   0x00000008   Code   RO         4120    .ARM.Collect$$rtentry$$0000000D  c_w.l(__rtentry2.o)
    0x080001c8   0x080001c8   0x00000002   Code   RO         4149    .ARM.Collect$$rtexit$$00000000  c_w.l(rtexit.o)
    0x080001ca   0x080001ca   0x00000000   Code   RO         4201    .ARM.Collect$$rtexit$$00000002  c_w.l(rtexit2.o)
    0x080001ca   0x080001ca   0x00000004   Code   RO         4202    .ARM.Collect$$rtexit$$00000003  c_w.l(rtexit2.o)
    0x080001ce   0x080001ce   0x00000006   Code   RO         4203    .ARM.Collect$$rtexit$$00000004  c_w.l(rtexit2.o)
    0x080001d4   0x080001d4   0x00000040   Code   RO         3153    .text               startup_stm32f10x_hd.o
    0x08000214   0x08000214   0x00000028   Code   RO         4063    .text               c_w.l(noretval__2sprintf.o)
    0x0800023c   0x0800023c   0x0000004e   Code   RO         4067    .text               c_w.l(_printf_pad.o)
    0x0800028a   0x0800028a   0x00000002   PAD
    0x0800028c   0x0800028c   0x00000078   Code   RO         4069    .text               c_w.l(_printf_dec.o)
    0x08000304   0x08000304   0x00000160   Code   RO         4088    .text               c_w.l(__printf_ss_wp.o)
    0x08000464   0x08000464   0x00000006   Code   RO         4096    .text               c_w.l(heapauxi.o)
    0x0800046a   0x0800046a   0x000000b2   Code   RO         4105    .text               c_w.l(_printf_intcommon.o)
    0x0800051c   0x0800051c   0x00000030   Code   RO         4107    .text               c_w.l(_printf_char_common.o)
    0x0800054c   0x0800054c   0x0000000a   Code   RO         4109    .text               c_w.l(_sputc.o)
    0x08000556   0x08000556   0x0000004a   Code   RO         4134    .text               c_w.l(sys_stackheap_outer.o)
    0x080005a0   0x080005a0   0x00000012   Code   RO         4138    .text               c_w.l(exit.o)
    0x080005b2   0x080005b2   0x00000002   PAD
    0x080005b4   0x080005b4   0x00000008   Code   RO         4146    .text               c_w.l(libspace.o)
    0x080005bc   0x080005bc   0x0000000c   Code   RO         4217    .text               c_w.l(sys_exit.o)
    0x080005c8   0x080005c8   0x00000002   Code   RO         4234    .text               c_w.l(use_no_semi.o)
    0x080005ca   0x080005ca   0x00000000   Code   RO         4236    .text               c_w.l(indicate_semi.o)
    0x080005ca   0x080005ca   0x00000016   Code   RO          131    i.ADC_Cmd           stm32f10x_adc.o
    0x080005e0   0x080005e0   0x00000014   Code   RO          139    i.ADC_GetCalibrationStatus  stm32f10x_adc.o
    0x080005f4   0x080005f4   0x00000008   Code   RO          140    i.ADC_GetConversionValue  stm32f10x_adc.o
    0x080005fc   0x080005fc   0x00000012   Code   RO          142    i.ADC_GetFlagStatus  stm32f10x_adc.o
    0x0800060e   0x0800060e   0x00000014   Code   RO          145    i.ADC_GetResetCalibrationStatus  stm32f10x_adc.o
    0x08000622   0x08000622   0x00000002   PAD
    0x08000624   0x08000624   0x00000050   Code   RO          149    i.ADC_Init          stm32f10x_adc.o
    0x08000674   0x08000674   0x000000b8   Code   RO          153    i.ADC_RegularChannelConfig  stm32f10x_adc.o
    0x0800072c   0x0800072c   0x0000000a   Code   RO          154    i.ADC_ResetCalibration  stm32f10x_adc.o
    0x08000736   0x08000736   0x00000016   Code   RO          156    i.ADC_SoftwareStartConvCmd  stm32f10x_adc.o
    0x0800074c   0x0800074c   0x0000000a   Code   RO          158    i.ADC_StartCalibration  stm32f10x_adc.o
    0x08000756   0x08000756   0x00000002   PAD
    0x08000758   0x08000758   0x00000024   Code   RO         3340    i.AD_GetValue       ad.o
    0x0800077c   0x0800077c   0x000000a0   Code   RO         3341    i.AD_Init           ad.o
    0x0800081c   0x0800081c   0x00000004   Code   RO         3994    i.BusFault_Handler  stm32f10x_it.o
    0x08000820   0x08000820   0x00000002   Code   RO         3995    i.DebugMon_Handler  stm32f10x_it.o
    0x08000822   0x08000822   0x00000002   PAD
    0x08000824   0x08000824   0x00000034   Code   RO         1125    i.FSMC_NORSRAMCmd   stm32f10x_fsmc.o
    0x08000858   0x08000858   0x000000e6   Code   RO         1127    i.FSMC_NORSRAMInit  stm32f10x_fsmc.o
    0x0800093e   0x0800093e   0x00000116   Code   RO         1240    i.GPIO_Init         stm32f10x_gpio.o
    0x08000a54   0x08000a54   0x00000094   Code   RO         3499    i.GPIO_Keyboard_Configuration  keypad.o
    0x08000ae8   0x08000ae8   0x00000008   Code   RO         1243    i.GPIO_ReadInputData  stm32f10x_gpio.o
    0x08000af0   0x08000af0   0x00000012   Code   RO         1244    i.GPIO_ReadInputDataBit  stm32f10x_gpio.o
    0x08000b02   0x08000b02   0x00000004   Code   RO         1247    i.GPIO_ResetBits    stm32f10x_gpio.o
    0x08000b06   0x08000b06   0x00000004   Code   RO         1248    i.GPIO_SetBits      stm32f10x_gpio.o
    0x08000b0a   0x08000b0a   0x0000000a   Code   RO         1251    i.GPIO_WriteBit     stm32f10x_gpio.o
    0x08000b14   0x08000b14   0x00000064   Code   RO         3553    i.GetChineseCode    lcd_tft.o
    0x08000b78   0x08000b78   0x00000080   Code   RO         3888    i.HALL_SENSOR_Init  hall_sensor.o
    0x08000bf8   0x08000bf8   0x00000004   Code   RO         3996    i.HardFault_Handler  stm32f10x_it.o
    0x08000bfc   0x08000bfc   0x0000009e   Code   RO         3500    i.KeyTransfer       keypad.o
    0x08000c9a   0x08000c9a   0x00000002   PAD
    0x08000c9c   0x08000c9c   0x0000010c   Code   RO         3501    i.Key_scan          keypad.o
    0x08000da8   0x08000da8   0x0000003c   Code   RO         3554    i.LCD_Clear         lcd_tft.o
    0x08000de4   0x08000de4   0x00000074   Code   RO         3555    i.LCD_CtrlLinesConfig  lcd_tft.o
    0x08000e58   0x08000e58   0x00000044   Code   RO         3556    i.LCD_DisplayChar   lcd_tft.o
    0x08000e9c   0x08000e9c   0x00000022   Code   RO         3557    i.LCD_DisplayChineseChar  lcd_tft.o
    0x08000ebe   0x08000ebe   0x00000002   PAD
    0x08000ec0   0x08000ec0   0x0000007c   Code   RO         3560    i.LCD_DisplayString  lcd_tft.o
    0x08000f3c   0x08000f3c   0x0000014c   Code   RO         3561    i.LCD_Display_Dir   lcd_tft.o
    0x08001088   0x08001088   0x0000009c   Code   RO         3564    i.LCD_DrawChar      lcd_tft.o
    0x08001124   0x08001124   0x000000b4   Code   RO         3565    i.LCD_DrawChineseChar  lcd_tft.o
    0x080011d8   0x080011d8   0x0000006c   Code   RO         3574    i.LCD_FSMCConfig    lcd_tft.o
    0x08001244   0x08001244   0x00000494   Code   RO         3577    i.LCD_Init          lcd_tft.o
    0x080016d8   0x080016d8   0x0000000c   Code   RO         3582    i.LCD_ReadRAM       lcd_tft.o
    0x080016e4   0x080016e4   0x00000010   Code   RO         3583    i.LCD_ReadReg       lcd_tft.o
    0x080016f4   0x080016f4   0x0000001c   Code   RO         3585    i.LCD_SetColors     lcd_tft.o
    0x08001710   0x08001710   0x00000068   Code   RO         3586    i.LCD_SetCursor     lcd_tft.o
    0x08001778   0x08001778   0x00000190   Code   RO         3587    i.LCD_SetDisplayWindow  lcd_tft.o
    0x08001908   0x08001908   0x00000014   Code   RO         3588    i.LCD_SetFont       lcd_tft.o
    0x0800191c   0x0800191c   0x0000000c   Code   RO         3591    i.LCD_WR_DATA       lcd_tft.o
    0x08001928   0x08001928   0x0000000c   Code   RO         3592    i.LCD_WR_REG        lcd_tft.o
    0x08001934   0x08001934   0x00000034   Code   RO         3596    i.LCD_WriteNumInt   lcd_tft.o
    0x08001968   0x08001968   0x0000000c   Code   RO         3598    i.LCD_WriteRAM      lcd_tft.o
    0x08001974   0x08001974   0x00000014   Code   RO         3599    i.LCD_WriteRAM_Prepare  lcd_tft.o
    0x08001988   0x08001988   0x00000010   Code   RO         3600    i.LCD_WriteReg      lcd_tft.o
    0x08001998   0x08001998   0x00000026   Code   RO         3601    i.LCD_WriteString   lcd_tft.o
    0x080019be   0x080019be   0x00000004   Code   RO         3997    i.MemManage_Handler  stm32f10x_it.o
    0x080019c2   0x080019c2   0x00000002   Code   RO         3998    i.NMI_Handler       stm32f10x_it.o
    0x080019c4   0x080019c4   0x00000070   Code   RO            1    i.NVIC_Init         misc.o
    0x08001a34   0x08001a34   0x00000002   Code   RO         3999    i.PendSV_Handler    stm32f10x_it.o
    0x08001a36   0x08001a36   0x00000014   Code   RO         3529    i.PeripheralInit    peripheralinit.o
    0x08001a4a   0x08001a4a   0x00000002   PAD
    0x08001a4c   0x08001a4c   0x00000018   Code   RO         1654    i.RCC_ADCCLKConfig  stm32f10x_rcc.o
    0x08001a64   0x08001a64   0x00000020   Code   RO         1655    i.RCC_AHBPeriphClockCmd  stm32f10x_rcc.o
    0x08001a84   0x08001a84   0x00000020   Code   RO         1658    i.RCC_APB2PeriphClockCmd  stm32f10x_rcc.o
    0x08001aa4   0x08001aa4   0x00000002   Code   RO         4000    i.SVC_Handler       stm32f10x_it.o
    0x08001aa6   0x08001aa6   0x00000008   Code   RO         3097    i.SetSysClock       system_stm32f10x.o
    0x08001aae   0x08001aae   0x00000002   PAD
    0x08001ab0   0x08001ab0   0x000000e0   Code   RO         3098    i.SetSysClockTo72   system_stm32f10x.o
    0x08001b90   0x08001b90   0x00000002   Code   RO         4001    i.SysTick_Handler   stm32f10x_it.o
    0x08001b92   0x08001b92   0x00000002   PAD
    0x08001b94   0x08001b94   0x00000060   Code   RO         3100    i.SystemInit        system_stm32f10x.o
    0x08001bf4   0x08001bf4   0x00000080   Code   RO         2274    i.TI1_Config        stm32f10x_tim.o
    0x08001c74   0x08001c74   0x00000098   Code   RO         2275    i.TI2_Config        stm32f10x_tim.o
    0x08001d0c   0x08001d0c   0x00000090   Code   RO         2276    i.TI3_Config        stm32f10x_tim.o
    0x08001d9c   0x08001d9c   0x00000098   Code   RO         2277    i.TI4_Config        stm32f10x_tim.o
    0x08001e34   0x08001e34   0x00000028   Code   RO         3889    i.TIM1_CC_IRQHandler  hall_sensor.o
    0x08001e5c   0x08001e5c   0x00000006   Code   RO         2285    i.TIM_ClearITPendingBit  stm32f10x_tim.o
    0x08001e62   0x08001e62   0x00000018   Code   RO         2290    i.TIM_Cmd           stm32f10x_tim.o
    0x08001e7a   0x08001e7a   0x00000022   Code   RO         2311    i.TIM_GetITStatus   stm32f10x_tim.o
    0x08001e9c   0x08001e9c   0x000000ac   Code   RO         2313    i.TIM_ICInit        stm32f10x_tim.o
    0x08001f48   0x08001f48   0x00000012   Code   RO         2315    i.TIM_ITConfig      stm32f10x_tim.o
    0x08001f5a   0x08001f5a   0x00000012   Code   RO         2356    i.TIM_SetIC1Prescaler  stm32f10x_tim.o
    0x08001f6c   0x08001f6c   0x0000001a   Code   RO         2357    i.TIM_SetIC2Prescaler  stm32f10x_tim.o
    0x08001f86   0x08001f86   0x00000012   Code   RO         2358    i.TIM_SetIC3Prescaler  stm32f10x_tim.o
    0x08001f98   0x08001f98   0x0000001a   Code   RO         2359    i.TIM_SetIC4Prescaler  stm32f10x_tim.o
    0x08001fb2   0x08001fb2   0x00000004   Code   RO         4002    i.UsageFault_Handler  stm32f10x_it.o
    0x08001fb6   0x08001fb6   0x0000000e   Code   RO         4083    i._is_digit         c_w.l(__printf_wp.o)
    0x08001fc4   0x08001fc4   0x00000018   Code   RO         3056    i.delay_ms          delay.o
    0x08001fdc   0x08001fdc   0x0000002e   Code   RO         3059    i.delay_us          delay.o
    0x0800200a   0x0800200a   0x00000002   PAD
    0x0800200c   0x0800200c   0x000000c0   Code   RO         3921    i.display_Chinese_BasicInfo  main.o
    0x080020cc   0x080020cc   0x000000cc   Code   RO         3922    i.display_English_BasicInfo  main.o
    0x08002198   0x08002198   0x0000001c   Code   RO         3923    i.display_OilInfo   main.o
    0x080021b4   0x080021b4   0x0000003c   Code   RO         3924    i.display_SpeedInfo  main.o
    0x080021f0   0x080021f0   0x0000002c   Code   RO         3890    i.getCycleCount     hall_sensor.o
    0x0800221c   0x0800221c   0x00000020   Code   RO         3342    i.getOilLevel       ad.o
    0x0800223c   0x0800223c   0x00000020   Code   RO         3343    i.getOilLevel_1     ad.o
    0x0800225c   0x0800225c   0x0000001c   Code   RO         3891    i.getTravelledDistance  hall_sensor.o
    0x08002278   0x08002278   0x00000064   Code   RO         3925    i.main              main.o
    0x080022dc   0x080022dc   0x0000004c   Code   RO         3926    i.update_OilInfo    main.o
    0x08002328   0x08002328   0x0000001c   Code   RO         3927    i.update_SpeedInfo  main.o
    0x08002344   0x08002344   0x000042b1   Data   RO         3604    .constdata          lcd_tft.o
    0x080065f5   0x080065f5   0x00000003   PAD
    0x080065f8   0x080065f8   0x00000020   Data   RO         4277    Region$$Table       anon$$obj.o


    Execution Region RW_IRAM1 (Exec base: 0x20000000, Load base: 0x08006618, Size: 0x000006d0, Max: 0x0000c000, ABSOLUTE)

    Exec Addr    Load Addr    Size         Type   Attr      Idx    E Section Name        Object

    0x20000000   0x08006618   0x00000001   Data   RW         3502    .data               keypad.o
    0x20000001   0x08006619   0x00000003   PAD
    0x20000004   0x0800661c   0x0000004c   Data   RW         3605    .data               lcd_tft.o
    0x20000050   0x08006668   0x00000006   Data   RW         3892    .data               hall_sensor.o
    0x20000056   0x0800666e   0x0000000a   Data   RW         3928    .data               main.o
    0x20000060        -       0x00000010   Zero   RW         3603    .bss                lcd_tft.o
    0x20000070        -       0x00000060   Zero   RW         4147    .bss                c_w.l(libspace.o)
    0x200000d0        -       0x00000200   Zero   RW         3151    HEAP                startup_stm32f10x_hd.o
    0x200002d0        -       0x00000400   Zero   RW         3150    STACK               startup_stm32f10x_hd.o


==============================================================================

Image component sizes


      Code (inc. data)   RO Data    RW Data    ZI Data      Debug   Object Name

       260         14          0          0          0       2082   ad.o
         0          0          0          0          0         32   core_cm3.o
        70          0          0          0          0        930   delay.o
       240         32          0          6          0       2638   hall_sensor.o
       574         26          0          1          0       2042   keypad.o
      3192        184      17073         76         16      22986   lcd_tft.o
       688        170          0         10          0       3626   main.o
       112         12          0          0          0     255836   misc.o
        20          0          0          0          0        469   peripheralinit.o
        64         26        304          0       1536        800   startup_stm32f10x_hd.o
       394         10          0          0          0       7725   stm32f10x_adc.o
       282          6          0          0          0       1725   stm32f10x_fsmc.o
       322          0          0          0          0       4593   stm32f10x_gpio.o
        26          0          0          0          0       3758   stm32f10x_it.o
        88         18          0          0          0       1604   stm32f10x_rcc.o
       918        108          0          0          0       8452   stm32f10x_tim.o
       328         28          0          0          0       1849   system_stm32f10x.o

    ----------------------------------------------------------------------
      7596        634      17412         96       1552     321147   Object Totals
         0          0         32          0          0          0   (incl. Generated)
        18          0          3          3          0          0   (incl. Padding)

    ----------------------------------------------------------------------

      Code (inc. data)   RO Data    RW Data    ZI Data      Debug   Library Member Name

         8          0          0          0          0         68   __main.o
       352          0          0          0          0         88   __printf_ss_wp.o
        14          0          0          0          0         68   __printf_wp.o
         0          0          0          0          0          0   __rtentry.o
        12          0          0          0          0          0   __rtentry2.o
         6          0          0          0          0          0   __rtentry4.o
        52          8          0          0          0          0   __scatter.o
        26          0          0          0          0          0   __scatter_copy.o
        28          0          0          0          0          0   __scatter_zi.o
        48          6          0          0          0         96   _printf_char_common.o
         6          0          0          0          0          0   _printf_d.o
       120         16          0          0          0         92   _printf_dec.o
       178          0          0          0          0         88   _printf_intcommon.o
        78          0          0          0          0        108   _printf_pad.o
         0          0          0          0          0          0   _printf_percent.o
         4          0          0          0          0          0   _printf_percent_end.o
        10          0          0          0          0         68   _sputc.o
        18          0          0          0          0         80   exit.o
         6          0          0          0          0        152   heapauxi.o
         0          0          0          0          0          0   indicate_semi.o
         2          0          0          0          0          0   libinit.o
         2          0          0          0          0          0   libinit2.o
         2          0          0          0          0          0   libshutdown.o
         2          0          0          0          0          0   libshutdown2.o
         8          4          0          0         96         68   libspace.o
        40          6          0          0          0         84   noretval__2sprintf.o
         2          0          0          0          0          0   rtexit.o
        10          0          0          0          0          0   rtexit2.o
        12          4          0          0          0         68   sys_exit.o
        74          0          0          0          0         80   sys_stackheap_outer.o
         2          0          0          0          0         68   use_no_semi.o

    ----------------------------------------------------------------------
      1128         44          0          0         96       1276   Library Totals
         6          0          0          0          0          0   (incl. Padding)

    ----------------------------------------------------------------------

      Code (inc. data)   RO Data    RW Data    ZI Data      Debug   Library Name

      1122         44          0          0         96       1276   c_w.l

    ----------------------------------------------------------------------
      1128         44          0          0         96       1276   Library Totals

    ----------------------------------------------------------------------

==============================================================================


      Code (inc. data)   RO Data    RW Data    ZI Data      Debug   

      8724        678      17412         96       1648     317323   Grand Totals
      8724        678      17412         96       1648     317323   ELF Image Totals
      8724        678      17412         96          0          0   ROM Totals

==============================================================================

    Total RO  Size (Code + RO Data)                26136 (  25.52kB)
    Total RW  Size (RW Data + ZI Data)              1744 (   1.70kB)
    Total ROM Size (Code + RO Data + RW Data)      26232 (  25.62kB)

==============================================================================

